15:37:01 **** Clean-only build of configuration Debug for project sonarTest ****
make clean 
rm -rf  ./src/main.o  ./src/main.d  sonarTest.elf.size  sonarTest.elf
 
15:37:02 **** Build of configuration Debug for project sonarTest ****
make all 
Building file: ../src/main.c
Invoking: ARM v7 Linux gcc compiler
arm-linux-gnueabihf-gcc -Wall -O0 -g3 -I"/home/catabit/Zybo/ledBtnAxiTut/build/tmp/sysroots/plnx_arm/usr/include" -c -fmessage-length=0 -MT"src/main.o" -MMD -MP -MF"src/main.d" -MT"src/main.o" -o "src/main.o" "../src/main.c"
Finished building: ../src/main.c
 
Building target: sonarTest.elf
Invoking: ARM v7 Linux gcc linker
arm-linux-gnueabihf-gcc -L"/home/catabit/Zybo/ledBtnAxiTut/build/tmp/sysroots/plnx_arm/usr/lib" -L"/home/catabit/Zybo/ledBtnAxiTut/build/tmp/sysroots/plnx_arm/lib" --sysroot="/home/catabit/Zybo/ledBtnAxiTut/build/tmp/sysroots/plnx_arm" -o "sonarTest.elf"  ./src/main.o   
Finished building target: sonarTest.elf
 
Invoking: ARM v7 Linux Print Size
arm-linux-gnueabihf-size sonarTest.elf  |tee "sonarTest.elf.size"
   text	   data	    bss	    dec	    hex	filename
   1475	    304	      8	   1787	    6fb	sonarTest.elf
Finished building: sonarTest.elf.size
 
15:39:25 **** Build of configuration Debug for project motionselftest ****
make all 
Building file: ../src/helloworld.c
Invoking: ARM v7 Linux gcc compiler
arm-linux-gnueabihf-gcc -Wall -O0 -g3 -I"/home/catabit/Zybo/ledBtnAxiTut/build/tmp/sysroots/plnx_arm/usr/include" -I"/home/catabit/.opt/petalinux/tools/linux-i386/gcc-arm-linux-gnueabi/arm-linux-gnueabihf/include" -I"/home/catabit/.opt/petalinux/tools/linux-i386/gcc-arm-linux-gnueabi/arm-linux-gnueabihf/libc/usr/include" -I"/home/catabit/.opt/petalinux/tools/linux-i386/gcc-arm-linux-gnueabi/lib/gcc/arm-linux-gnueabihf/6.2.1/include" -I"/home/catabit/.opt/petalinux/tools/linux-i386/gcc-arm-linux-gnueabi/lib/gcc/arm-linux-gnueabihf/6.2.1/include-fixed" -c -fmessage-length=0 -MT"src/helloworld.o" -MMD -MP -MF"src/helloworld.d" -MT"src/helloworld.o" -o "src/helloworld.o" "../src/helloworld.c"
Finished building: ../src/helloworld.c
 
Building target: motionselftest.elf
Invoking: ARM v7 Linux gcc linker
arm-linux-gnueabihf-gcc -L"/home/catabit/Zybo/ledBtnAxiTut/build/tmp/sysroots/plnx_arm/usr/lib" -L"/home/catabit/Zybo/ledBtnAxiTut/build/tmp/sysroots/plnx_arm/lib" -o "motionselftest.elf"  ./src/helloworld.o   
/home/catabit/.opt/petalinux/tools/linux-i386/gcc-arm-linux-gnueabi/bin/../lib/gcc/arm-linux-gnueabihf/6.2.1/../../../../arm-linux-gnueabihf/bin/ld: cannot find /lib/libc.so.6
makefile:36: recipe for target 'motionselftest.elf' failed
/home/catabit/.opt/petalinux/tools/linux-i386/gcc-arm-linux-gnueabi/bin/../lib/gcc/arm-linux-gnueabihf/6.2.1/../../../../arm-linux-gnueabihf/bin/ld: cannot find /usr/lib/libc_nonshared.a
/home/catabit/.opt/petalinux/tools/linux-i386/gcc-arm-linux-gnueabi/bin/../lib/gcc/arm-linux-gnueabihf/6.2.1/../../../../arm-linux-gnueabihf/bin/ld: cannot find /lib/ld-linux-armhf.so.3
collect2: error: ld returned 1 exit status
make: *** [motionselftest.elf] Error 1
15:40:37 **** Auto Build of configuration Debug for project motionselftest ****
make all 
Building target: motionselftest.elf
Invoking: ARM v7 Linux gcc linker
arm-linux-gnueabihf-gcc -L"/home/catabit/Zybo/ledBtnAxiTut/build/tmp/sysroots/plnx_arm/usr/lib" -L"/home/catabit/Zybo/ledBtnAxiTut/build/tmp/sysroots/plnx_arm/lib" --sysroot="/home/catabit/Zybo/ledBtnAxiTut/build/tmp/sysroots/plnx_arm" -o "motionselftest.elf"  ./src/helloworld.o   
Finished building target: motionselftest.elf
 
Invoking: ARM v7 Linux Print Size
arm-linux-gnueabihf-size motionselftest.elf  |tee "motionselftest.elf.size"
   text	   data	    bss	    dec	    hex	filename
    908	    284	      4	   1196	    4ac	motionselftest.elf
Finished building: motionselftest.elf.size
 
15:41:36 **** Auto Build of configuration Debug for project motionselftest ****
make all 
Building file: ../src/motionmain.c
Invoking: ARM v7 Linux gcc compiler
arm-linux-gnueabihf-gcc -Wall -O0 -g3 -I"/home/catabit/Zybo/ledBtnAxiTut/build/tmp/sysroots/plnx_arm/usr/include" -I"/home/catabit/.opt/petalinux/tools/linux-i386/gcc-arm-linux-gnueabi/arm-linux-gnueabihf/include" -I"/home/catabit/.opt/petalinux/tools/linux-i386/gcc-arm-linux-gnueabi/arm-linux-gnueabihf/libc/usr/include" -I"/home/catabit/.opt/petalinux/tools/linux-i386/gcc-arm-linux-gnueabi/lib/gcc/arm-linux-gnueabihf/6.2.1/include" -I"/home/catabit/.opt/petalinux/tools/linux-i386/gcc-arm-linux-gnueabi/lib/gcc/arm-linux-gnueabihf/6.2.1/include-fixed" -c -fmessage-length=0 -MT"src/motionmain.o" -MMD -MP -MF"src/motionmain.d" -MT"src/motionmain.o" -o "src/motionmain.o" "../src/motionmain.c"
Finished building: ../src/motionmain.c
 
Building target: motionselftest.elf
Invoking: ARM v7 Linux gcc linker
arm-linux-gnueabihf-gcc -L"/home/catabit/Zybo/ledBtnAxiTut/build/tmp/sysroots/plnx_arm/usr/lib" -L"/home/catabit/Zybo/ledBtnAxiTut/build/tmp/sysroots/plnx_arm/lib" --sysroot="/home/catabit/Zybo/ledBtnAxiTut/build/tmp/sysroots/plnx_arm" -o "motionselftest.elf"  ./src/motionmain.o   
Finished building target: motionselftest.elf
 
Invoking: ARM v7 Linux Print Size
arm-linux-gnueabihf-size motionselftest.elf  |tee "motionselftest.elf.size"
   text	   data	    bss	    dec	    hex	filename
    908	    284	      4	   1196	    4ac	motionselftest.elf
Finished building: motionselftest.elf.size
 
15:41:47 **** Auto Build of configuration Debug for project motionselftest ****
make all 
Building file: ../src/motionmain.c
Invoking: ARM v7 Linux gcc compiler
arm-linux-gnueabihf-gcc -Wall -O0 -g3 -I"/home/catabit/Zybo/ledBtnAxiTut/build/tmp/sysroots/plnx_arm/usr/include" -I"/home/catabit/.opt/petalinux/tools/linux-i386/gcc-arm-linux-gnueabi/arm-linux-gnueabihf/include" -I"/home/catabit/.opt/petalinux/tools/linux-i386/gcc-arm-linux-gnueabi/arm-linux-gnueabihf/libc/usr/include" -I"/home/catabit/.opt/petalinux/tools/linux-i386/gcc-arm-linux-gnueabi/lib/gcc/arm-linux-gnueabihf/6.2.1/include" -I"/home/catabit/.opt/petalinux/tools/linux-i386/gcc-arm-linux-gnueabi/lib/gcc/arm-linux-gnueabihf/6.2.1/include-fixed" -c -fmessage-length=0 -MT"src/motionmain.o" -MMD -MP -MF"src/motionmain.d" -MT"src/motionmain.o" -o "src/motionmain.o" "../src/motionmain.c"
Finished building: ../src/motionmain.c
 
Building target: motionselftest.elf
Invoking: ARM v7 Linux gcc linker
arm-linux-gnueabihf-gcc -L"/home/catabit/Zybo/ledBtnAxiTut/build/tmp/sysroots/plnx_arm/usr/lib" -L"/home/catabit/Zybo/ledBtnAxiTut/build/tmp/sysroots/plnx_arm/lib" --sysroot="/home/catabit/Zybo/ledBtnAxiTut/build/tmp/sysroots/plnx_arm" -o "motionselftest.elf"  ./src/motionmain.o   
Finished building target: motionselftest.elf
 
Invoking: ARM v7 Linux Print Size
arm-linux-gnueabihf-size motionselftest.elf  |tee "motionselftest.elf.size"
   text	   data	    bss	    dec	    hex	filename
   1475	    304	      8	   1787	    6fb	motionselftest.elf
Finished building: motionselftest.elf.size
 
15:51:04 **** Auto Build of configuration Debug for project sonarTest ****
make all 
Building file: ../src/main.c
Invoking: ARM v7 Linux gcc compiler
arm-linux-gnueabihf-gcc -Wall -O0 -g3 -I"/home/catabit/Zybo/ledBtnAxiTut/build/tmp/sysroots/plnx_arm/usr/include" -c -fmessage-length=0 -MT"src/main.o" -MMD -MP -MF"src/main.d" -MT"src/main.o" -o "src/main.o" "../src/main.c"
Finished building: ../src/main.c
 
Building target: sonarTest.elf
Invoking: ARM v7 Linux gcc linker
arm-linux-gnueabihf-gcc -L"/home/catabit/Zybo/ledBtnAxiTut/build/tmp/sysroots/plnx_arm/usr/lib" -L"/home/catabit/Zybo/ledBtnAxiTut/build/tmp/sysroots/plnx_arm/lib" --sysroot="/home/catabit/Zybo/ledBtnAxiTut/build/tmp/sysroots/plnx_arm" -o "sonarTest.elf"  ./src/main.o   
Finished building target: sonarTest.elf
 
Invoking: ARM v7 Linux Print Size
arm-linux-gnueabihf-size sonarTest.elf  |tee "sonarTest.elf.size"
   text	   data	    bss	    dec	    hex	filename
   1475	    304	      8	   1787	    6fb	sonarTest.elf
Finished building: sonarTest.elf.size
 
15:52:54 **** Auto Build of configuration Debug for project motionselftest ****
make all 
Building file: ../src/motionmain.c
Invoking: ARM v7 Linux gcc compiler
arm-linux-gnueabihf-gcc -Wall -O0 -g3 -I"/home/catabit/Zybo/ledBtnAxiTut/build/tmp/sysroots/plnx_arm/usr/include" -I"/home/catabit/.opt/petalinux/tools/linux-i386/gcc-arm-linux-gnueabi/arm-linux-gnueabihf/include" -I"/home/catabit/.opt/petalinux/tools/linux-i386/gcc-arm-linux-gnueabi/arm-linux-gnueabihf/libc/usr/include" -I"/home/catabit/.opt/petalinux/tools/linux-i386/gcc-arm-linux-gnueabi/lib/gcc/arm-linux-gnueabihf/6.2.1/include" -I"/home/catabit/.opt/petalinux/tools/linux-i386/gcc-arm-linux-gnueabi/lib/gcc/arm-linux-gnueabihf/6.2.1/include-fixed" -c -fmessage-length=0 -MT"src/motionmain.o" -MMD -MP -MF"src/motionmain.d" -MT"src/motionmain.o" -o "src/motionmain.o" "../src/motionmain.c"
Finished building: ../src/motionmain.c
 
Building target: motionselftest.elf
Invoking: ARM v7 Linux gcc linker
arm-linux-gnueabihf-gcc -L"/home/catabit/Zybo/ledBtnAxiTut/build/tmp/sysroots/plnx_arm/usr/lib" -L"/home/catabit/Zybo/ledBtnAxiTut/build/tmp/sysroots/plnx_arm/lib" --sysroot="/home/catabit/Zybo/ledBtnAxiTut/build/tmp/sysroots/plnx_arm" -o "motionselftest.elf"  ./src/motionmain.o   
Finished building target: motionselftest.elf
 
Invoking: ARM v7 Linux Print Size
arm-linux-gnueabihf-size motionselftest.elf  |tee "motionselftest.elf.size"
   text	   data	    bss	    dec	    hex	filename
   1475	    304	      8	   1787	    6fb	motionselftest.elf
Finished building: motionselftest.elf.size
 
15:53:04 **** Auto Build of configuration Debug for project motionselftest ****
make all 
Building file: ../src/motionmain.c
Invoking: ARM v7 Linux gcc compiler
arm-linux-gnueabihf-gcc -Wall -O0 -g3 -I"/home/catabit/Zybo/ledBtnAxiTut/build/tmp/sysroots/plnx_arm/usr/include" -I"/home/catabit/.opt/petalinux/tools/linux-i386/gcc-arm-linux-gnueabi/arm-linux-gnueabihf/include" -I"/home/catabit/.opt/petalinux/tools/linux-i386/gcc-arm-linux-gnueabi/arm-linux-gnueabihf/libc/usr/include" -I"/home/catabit/.opt/petalinux/tools/linux-i386/gcc-arm-linux-gnueabi/lib/gcc/arm-linux-gnueabihf/6.2.1/include" -I"/home/catabit/.opt/petalinux/tools/linux-i386/gcc-arm-linux-gnueabi/lib/gcc/arm-linux-gnueabihf/6.2.1/include-fixed" -c -fmessage-length=0 -MT"src/motionmain.o" -MMD -MP -MF"src/motionmain.d" -MT"src/motionmain.o" -o "src/motionmain.o" "../src/motionmain.c"
../src/motionmain.c:15:0: warning: "CUSTOM_IP_S00_AXI_SLV_REG1_OFFSET" redefined
 #define CUSTOM_IP_S00_AXI_SLV_REG1_OFFSET   8
 
../src/motionmain.c:14:0: note: this is the location of the previous definition
 #define CUSTOM_IP_S00_AXI_SLV_REG1_OFFSET   4
 
Finished building: ../src/motionmain.c
 
Building target: motionselftest.elf
Invoking: ARM v7 Linux gcc linker
arm-linux-gnueabihf-gcc -L"/home/catabit/Zybo/ledBtnAxiTut/build/tmp/sysroots/plnx_arm/usr/lib" -L"/home/catabit/Zybo/ledBtnAxiTut/build/tmp/sysroots/plnx_arm/lib" --sysroot="/home/catabit/Zybo/ledBtnAxiTut/build/tmp/sysroots/plnx_arm" -o "motionselftest.elf"  ./src/motionmain.o   
Finished building target: motionselftest.elf
 
Invoking: ARM v7 Linux Print Size
arm-linux-gnueabihf-size motionselftest.elf  |tee "motionselftest.elf.size"
   text	   data	    bss	    dec	    hex	filename
   1475	    304	      8	   1787	    6fb	motionselftest.elf
Finished building: motionselftest.elf.size
 
15:53:08 **** Auto Build of configuration Debug for project motionselftest ****
make all 
Building file: ../src/motionmain.c
Invoking: ARM v7 Linux gcc compiler
arm-linux-gnueabihf-gcc -Wall -O0 -g3 -I"/home/catabit/Zybo/ledBtnAxiTut/build/tmp/sysroots/plnx_arm/usr/include" -I"/home/catabit/.opt/petalinux/tools/linux-i386/gcc-arm-linux-gnueabi/arm-linux-gnueabihf/include" -I"/home/catabit/.opt/petalinux/tools/linux-i386/gcc-arm-linux-gnueabi/arm-linux-gnueabihf/libc/usr/include" -I"/home/catabit/.opt/petalinux/tools/linux-i386/gcc-arm-linux-gnueabi/lib/gcc/arm-linux-gnueabihf/6.2.1/include" -I"/home/catabit/.opt/petalinux/tools/linux-i386/gcc-arm-linux-gnueabi/lib/gcc/arm-linux-gnueabihf/6.2.1/include-fixed" -c -fmessage-length=0 -MT"src/motionmain.o" -MMD -MP -MF"src/motionmain.d" -MT"src/motionmain.o" -o "src/motionmain.o" "../src/motionmain.c"
Finished building: ../src/motionmain.c
 
Building target: motionselftest.elf
Invoking: ARM v7 Linux gcc linker
arm-linux-gnueabihf-gcc -L"/home/catabit/Zybo/ledBtnAxiTut/build/tmp/sysroots/plnx_arm/usr/lib" -L"/home/catabit/Zybo/ledBtnAxiTut/build/tmp/sysroots/plnx_arm/lib" --sysroot="/home/catabit/Zybo/ledBtnAxiTut/build/tmp/sysroots/plnx_arm" -o "motionselftest.elf"  ./src/motionmain.o   
Finished building target: motionselftest.elf
 
Invoking: ARM v7 Linux Print Size
arm-linux-gnueabihf-size motionselftest.elf  |tee "motionselftest.elf.size"
   text	   data	    bss	    dec	    hex	filename
   1475	    304	      8	   1787	    6fb	motionselftest.elf
Finished building: motionselftest.elf.size
 
15:53:36 **** Auto Build of configuration Debug for project motionselftest ****
make all 
Building file: ../src/motionmain.c
Invoking: ARM v7 Linux gcc compiler
arm-linux-gnueabihf-gcc -Wall -O0 -g3 -I"/home/catabit/Zybo/ledBtnAxiTut/build/tmp/sysroots/plnx_arm/usr/include" -I"/home/catabit/.opt/petalinux/tools/linux-i386/gcc-arm-linux-gnueabi/arm-linux-gnueabihf/include" -I"/home/catabit/.opt/petalinux/tools/linux-i386/gcc-arm-linux-gnueabi/arm-linux-gnueabihf/libc/usr/include" -I"/home/catabit/.opt/petalinux/tools/linux-i386/gcc-arm-linux-gnueabi/lib/gcc/arm-linux-gnueabihf/6.2.1/include" -I"/home/catabit/.opt/petalinux/tools/linux-i386/gcc-arm-linux-gnueabi/lib/gcc/arm-linux-gnueabihf/6.2.1/include-fixed" -c -fmessage-length=0 -MT"src/motionmain.o" -MMD -MP -MF"src/motionmain.d" -MT"src/motionmain.o" -o "src/motionmain.o" "../src/motionmain.c"
Finished building: ../src/motionmain.c
 
Building target: motionselftest.elf
Invoking: ARM v7 Linux gcc linker
arm-linux-gnueabihf-gcc -L"/home/catabit/Zybo/ledBtnAxiTut/build/tmp/sysroots/plnx_arm/usr/lib" -L"/home/catabit/Zybo/ledBtnAxiTut/build/tmp/sysroots/plnx_arm/lib" --sysroot="/home/catabit/Zybo/ledBtnAxiTut/build/tmp/sysroots/plnx_arm" -o "motionselftest.elf"  ./src/motionmain.o   
Finished building target: motionselftest.elf
 
Invoking: ARM v7 Linux Print Size
arm-linux-gnueabihf-size motionselftest.elf  |tee "motionselftest.elf.size"
   text	   data	    bss	    dec	    hex	filename
   1240	    296	      8	   1544	    608	motionselftest.elf
Finished building: motionselftest.elf.size
 
15:53:41 **** Auto Build of configuration Debug for project motionselftest ****
make all 
Building file: ../src/motionmain.c
Invoking: ARM v7 Linux gcc compiler
arm-linux-gnueabihf-gcc -Wall -O0 -g3 -I"/home/catabit/Zybo/ledBtnAxiTut/build/tmp/sysroots/plnx_arm/usr/include" -I"/home/catabit/.opt/petalinux/tools/linux-i386/gcc-arm-linux-gnueabi/arm-linux-gnueabihf/include" -I"/home/catabit/.opt/petalinux/tools/linux-i386/gcc-arm-linux-gnueabi/arm-linux-gnueabihf/libc/usr/include" -I"/home/catabit/.opt/petalinux/tools/linux-i386/gcc-arm-linux-gnueabi/lib/gcc/arm-linux-gnueabihf/6.2.1/include" -I"/home/catabit/.opt/petalinux/tools/linux-i386/gcc-arm-linux-gnueabi/lib/gcc/arm-linux-gnueabihf/6.2.1/include-fixed" -c -fmessage-length=0 -MT"src/motionmain.o" -MMD -MP -MF"src/motionmain.d" -MT"src/motionmain.o" -o "src/motionmain.o" "../src/motionmain.c"
Finished building: ../src/motionmain.c
 
Building target: motionselftest.elf
Invoking: ARM v7 Linux gcc linker
arm-linux-gnueabihf-gcc -L"/home/catabit/Zybo/ledBtnAxiTut/build/tmp/sysroots/plnx_arm/usr/lib" -L"/home/catabit/Zybo/ledBtnAxiTut/build/tmp/sysroots/plnx_arm/lib" --sysroot="/home/catabit/Zybo/ledBtnAxiTut/build/tmp/sysroots/plnx_arm" -o "motionselftest.elf"  ./src/motionmain.o   
Finished building target: motionselftest.elf
 
Invoking: ARM v7 Linux Print Size
arm-linux-gnueabihf-size motionselftest.elf  |tee "motionselftest.elf.size"
   text	   data	    bss	    dec	    hex	filename
   1240	    296	      8	   1544	    608	motionselftest.elf
Finished building: motionselftest.elf.size
 
15:54:24 **** Auto Build of configuration Debug for project motionselftest ****
make all 
Building file: ../src/motionmain.c
Invoking: ARM v7 Linux gcc compiler
arm-linux-gnueabihf-gcc -Wall -O0 -g3 -I"/home/catabit/Zybo/ledBtnAxiTut/build/tmp/sysroots/plnx_arm/usr/include" -I"/home/catabit/.opt/petalinux/tools/linux-i386/gcc-arm-linux-gnueabi/arm-linux-gnueabihf/include" -I"/home/catabit/.opt/petalinux/tools/linux-i386/gcc-arm-linux-gnueabi/arm-linux-gnueabihf/libc/usr/include" -I"/home/catabit/.opt/petalinux/tools/linux-i386/gcc-arm-linux-gnueabi/lib/gcc/arm-linux-gnueabihf/6.2.1/include" -I"/home/catabit/.opt/petalinux/tools/linux-i386/gcc-arm-linux-gnueabi/lib/gcc/arm-linux-gnueabihf/6.2.1/include-fixed" -c -fmessage-length=0 -MT"src/motionmain.o" -MMD -MP -MF"src/motionmain.d" -MT"src/motionmain.o" -o "src/motionmain.o" "../src/motionmain.c"
../src/motionmain.c: In function ‘main’:
../src/motionmain.c:34:6: warning: unused variable ‘rightDir’ [-Wunused-variable]
  int rightDir = 0;
      ^~~~~~~~
../src/motionmain.c:33:6: warning: unused variable ‘leftDir’ [-Wunused-variable]
  int leftDir = 0;
      ^~~~~~~
../src/motionmain.c:32:6: warning: unused variable ‘enable’ [-Wunused-variable]
  int enable = 0;
      ^~~~~~
Finished building: ../src/motionmain.c
 
Building target: motionselftest.elf
Invoking: ARM v7 Linux gcc linker
arm-linux-gnueabihf-gcc -L"/home/catabit/Zybo/ledBtnAxiTut/build/tmp/sysroots/plnx_arm/usr/lib" -L"/home/catabit/Zybo/ledBtnAxiTut/build/tmp/sysroots/plnx_arm/lib" --sysroot="/home/catabit/Zybo/ledBtnAxiTut/build/tmp/sysroots/plnx_arm" -o "motionselftest.elf"  ./src/motionmain.o   
Finished building target: motionselftest.elf
 
Invoking: ARM v7 Linux Print Size
arm-linux-gnueabihf-size motionselftest.elf  |tee "motionselftest.elf.size"
   text	   data	    bss	    dec	    hex	filename
   1264	    296	      8	   1568	    620	motionselftest.elf
Finished building: motionselftest.elf.size
 
15:55:01 **** Auto Build of configuration Debug for project motionselftest ****
make all 
Building file: ../src/motionmain.c
Invoking: ARM v7 Linux gcc compiler
arm-linux-gnueabihf-gcc -Wall -O0 -g3 -I"/home/catabit/Zybo/ledBtnAxiTut/build/tmp/sysroots/plnx_arm/usr/include" -I"/home/catabit/.opt/petalinux/tools/linux-i386/gcc-arm-linux-gnueabi/arm-linux-gnueabihf/include" -I"/home/catabit/.opt/petalinux/tools/linux-i386/gcc-arm-linux-gnueabi/arm-linux-gnueabihf/libc/usr/include" -I"/home/catabit/.opt/petalinux/tools/linux-i386/gcc-arm-linux-gnueabi/lib/gcc/arm-linux-gnueabihf/6.2.1/include" -I"/home/catabit/.opt/petalinux/tools/linux-i386/gcc-arm-linux-gnueabi/lib/gcc/arm-linux-gnueabihf/6.2.1/include-fixed" -c -fmessage-length=0 -MT"src/motionmain.o" -MMD -MP -MF"src/motionmain.d" -MT"src/motionmain.o" -o "src/motionmain.o" "../src/motionmain.c"
../src/motionmain.c: In function ‘main’:
../src/motionmain.c:39:6: warning: unused variable ‘servoPos’ [-Wunused-variable]
  int servoPos = 0;
      ^~~~~~~~
../src/motionmain.c:37:6: warning: unused variable ‘rightSpeed’ [-Wunused-variable]
  int rightSpeed = 0;
      ^~~~~~~~~~
../src/motionmain.c:36:6: warning: unused variable ‘leftSpeed’ [-Wunused-variable]
  int leftSpeed = 0;
      ^~~~~~~~~
../src/motionmain.c:34:6: warning: unused variable ‘rightDir’ [-Wunused-variable]
  int rightDir = 0;
      ^~~~~~~~
../src/motionmain.c:33:6: warning: unused variable ‘leftDir’ [-Wunused-variable]
  int leftDir = 0;
      ^~~~~~~
../src/motionmain.c:32:6: warning: unused variable ‘enable’ [-Wunused-variable]
  int enable = 0;
      ^~~~~~
Finished building: ../src/motionmain.c
 
Building target: motionselftest.elf
Invoking: ARM v7 Linux gcc linker
arm-linux-gnueabihf-gcc -L"/home/catabit/Zybo/ledBtnAxiTut/build/tmp/sysroots/plnx_arm/usr/lib" -L"/home/catabit/Zybo/ledBtnAxiTut/build/tmp/sysroots/plnx_arm/lib" --sysroot="/home/catabit/Zybo/ledBtnAxiTut/build/tmp/sysroots/plnx_arm" -o "motionselftest.elf"  ./src/motionmain.o   
Finished building target: motionselftest.elf
 
Invoking: ARM v7 Linux Print Size
arm-linux-gnueabihf-size motionselftest.elf  |tee "motionselftest.elf.size"
   text	   data	    bss	    dec	    hex	filename
   1288	    296	      8	   1592	    638	motionselftest.elf
Finished building: motionselftest.elf.size
 
15:56:00 **** Auto Build of configuration Debug for project motionselftest ****
make all 
Building file: ../src/motionmain.c
Invoking: ARM v7 Linux gcc compiler
arm-linux-gnueabihf-gcc -Wall -O0 -g3 -I"/home/catabit/Zybo/ledBtnAxiTut/build/tmp/sysroots/plnx_arm/usr/include" -I"/home/catabit/.opt/petalinux/tools/linux-i386/gcc-arm-linux-gnueabi/arm-linux-gnueabihf/include" -I"/home/catabit/.opt/petalinux/tools/linux-i386/gcc-arm-linux-gnueabi/arm-linux-gnueabihf/libc/usr/include" -I"/home/catabit/.opt/petalinux/tools/linux-i386/gcc-arm-linux-gnueabi/lib/gcc/arm-linux-gnueabihf/6.2.1/include" -I"/home/catabit/.opt/petalinux/tools/linux-i386/gcc-arm-linux-gnueabi/lib/gcc/arm-linux-gnueabihf/6.2.1/include-fixed" -c -fmessage-length=0 -MT"src/motionmain.o" -MMD -MP -MF"src/motionmain.d" -MT"src/motionmain.o" -o "src/motionmain.o" "../src/motionmain.c"
../src/motionmain.c: In function ‘main’:
../src/motionmain.c:39:6: warning: unused variable ‘servoPos’ [-Wunused-variable]
  int servoPos = 0;
      ^~~~~~~~
../src/motionmain.c:37:6: warning: unused variable ‘rightSpeed’ [-Wunused-variable]
  int rightSpeed = 0;
      ^~~~~~~~~~
../src/motionmain.c:36:6: warning: unused variable ‘leftSpeed’ [-Wunused-variable]
  int leftSpeed = 0;
      ^~~~~~~~~
../src/motionmain.c:34:6: warning: unused variable ‘rightDir’ [-Wunused-variable]
  int rightDir = 0;
      ^~~~~~~~
../src/motionmain.c:33:6: warning: unused variable ‘leftDir’ [-Wunused-variable]
  int leftDir = 0;
      ^~~~~~~
../src/motionmain.c:32:6: warning: unused variable ‘enable’ [-Wunused-variable]
  int enable = 0;
      ^~~~~~
Finished building: ../src/motionmain.c
 
Building target: motionselftest.elf
Invoking: ARM v7 Linux gcc linker
arm-linux-gnueabihf-gcc -L"/home/catabit/Zybo/ledBtnAxiTut/build/tmp/sysroots/plnx_arm/usr/lib" -L"/home/catabit/Zybo/ledBtnAxiTut/build/tmp/sysroots/plnx_arm/lib" --sysroot="/home/catabit/Zybo/ledBtnAxiTut/build/tmp/sysroots/plnx_arm" -o "motionselftest.elf"  ./src/motionmain.o   
Finished building target: motionselftest.elf
 
Invoking: ARM v7 Linux Print Size
arm-linux-gnueabihf-size motionselftest.elf  |tee "motionselftest.elf.size"
   text	   data	    bss	    dec	    hex	filename
   1381	    300	      8	   1689	    699	motionselftest.elf
Finished building: motionselftest.elf.size
 
15:56:02 **** Auto Build of configuration Debug for project motionselftest ****
make all 
Building file: ../src/motionmain.c
Invoking: ARM v7 Linux gcc compiler
arm-linux-gnueabihf-gcc -Wall -O0 -g3 -I"/home/catabit/Zybo/ledBtnAxiTut/build/tmp/sysroots/plnx_arm/usr/include" -I"/home/catabit/.opt/petalinux/tools/linux-i386/gcc-arm-linux-gnueabi/arm-linux-gnueabihf/include" -I"/home/catabit/.opt/petalinux/tools/linux-i386/gcc-arm-linux-gnueabi/arm-linux-gnueabihf/libc/usr/include" -I"/home/catabit/.opt/petalinux/tools/linux-i386/gcc-arm-linux-gnueabi/lib/gcc/arm-linux-gnueabihf/6.2.1/include" -I"/home/catabit/.opt/petalinux/tools/linux-i386/gcc-arm-linux-gnueabi/lib/gcc/arm-linux-gnueabihf/6.2.1/include-fixed" -c -fmessage-length=0 -MT"src/motionmain.o" -MMD -MP -MF"src/motionmain.d" -MT"src/motionmain.o" -o "src/motionmain.o" "../src/motionmain.c"
../src/motionmain.c: In function ‘main’:
../src/motionmain.c:39:6: warning: unused variable ‘servoPos’ [-Wunused-variable]
  int servoPos = 0;
      ^~~~~~~~
../src/motionmain.c:37:6: warning: unused variable ‘rightSpeed’ [-Wunused-variable]
  int rightSpeed = 0;
      ^~~~~~~~~~
../src/motionmain.c:36:6: warning: unused variable ‘leftSpeed’ [-Wunused-variable]
  int leftSpeed = 0;
      ^~~~~~~~~
../src/motionmain.c:34:6: warning: unused variable ‘rightDir’ [-Wunused-variable]
  int rightDir = 0;
      ^~~~~~~~
../src/motionmain.c:33:6: warning: unused variable ‘leftDir’ [-Wunused-variable]
  int leftDir = 0;
      ^~~~~~~
../src/motionmain.c:32:6: warning: unused variable ‘enable’ [-Wunused-variable]
  int enable = 0;
      ^~~~~~
Finished building: ../src/motionmain.c
 
Building target: motionselftest.elf
Invoking: ARM v7 Linux gcc linker
arm-linux-gnueabihf-gcc -L"/home/catabit/Zybo/ledBtnAxiTut/build/tmp/sysroots/plnx_arm/usr/lib" -L"/home/catabit/Zybo/ledBtnAxiTut/build/tmp/sysroots/plnx_arm/lib" --sysroot="/home/catabit/Zybo/ledBtnAxiTut/build/tmp/sysroots/plnx_arm" -o "motionselftest.elf"  ./src/motionmain.o   
Finished building target: motionselftest.elf
 
Invoking: ARM v7 Linux Print Size
arm-linux-gnueabihf-size motionselftest.elf  |tee "motionselftest.elf.size"
   text	   data	    bss	    dec	    hex	filename
   1377	    300	      8	   1685	    695	motionselftest.elf
Finished building: motionselftest.elf.size
 
15:56:23 **** Auto Build of configuration Debug for project motionselftest ****
make all 
Building file: ../src/motionmain.c
Invoking: ARM v7 Linux gcc compiler
arm-linux-gnueabihf-gcc -Wall -O0 -g3 -I"/home/catabit/Zybo/ledBtnAxiTut/build/tmp/sysroots/plnx_arm/usr/include" -I"/home/catabit/.opt/petalinux/tools/linux-i386/gcc-arm-linux-gnueabi/arm-linux-gnueabihf/include" -I"/home/catabit/.opt/petalinux/tools/linux-i386/gcc-arm-linux-gnueabi/arm-linux-gnueabihf/libc/usr/include" -I"/home/catabit/.opt/petalinux/tools/linux-i386/gcc-arm-linux-gnueabi/lib/gcc/arm-linux-gnueabihf/6.2.1/include" -I"/home/catabit/.opt/petalinux/tools/linux-i386/gcc-arm-linux-gnueabi/lib/gcc/arm-linux-gnueabihf/6.2.1/include-fixed" -c -fmessage-length=0 -MT"src/motionmain.o" -MMD -MP -MF"src/motionmain.d" -MT"src/motionmain.o" -o "src/motionmain.o" "../src/motionmain.c"
../src/motionmain.c: In function ‘main’:
../src/motionmain.c:43:62: error: ‘b’ undeclared (first use in this function)
  *((unsigned *)(ptr + CUSTOM_IP_S00_AXI_SLV_REG0_OFFSET)) = (b<<16)+(g<<8)+r;
                                                              ^
../src/motionmain.c:43:62: note: each undeclared identifier is reported only once for each function it appears in
../src/motionmain.c:43:70: error: ‘g’ undeclared (first use in this function)
  *((unsigned *)(ptr + CUSTOM_IP_S00_AXI_SLV_REG0_OFFSET)) = (b<<16)+(g<<8)+r;
                                                                      ^
../src/motionmain.c:43:76: error: ‘r’ undeclared (first use in this function)
  *((unsigned *)(ptr + CUSTOM_IP_S00_AXI_SLV_REG0_OFFSET)) = (b<<16)+(g<<8)+r;
                                                                            ^
../src/motionmain.c:39:6: warning: unused variable ‘servoPos’ [-Wunused-variable]
  int servoPos = 0;
      ^~~~~~~~
../src/motionmain.c:37:6: warning: unused variable ‘rightSpeed’ [-Wunused-variable]
  int rightSpeed = 0;
      ^~~~~~~~~~
../src/motionmain.c:36:6: warning: unused variable ‘leftSpeed’ [-Wunused-variable]
  int leftSpeed = 0;
      ^~~~~~~~~
../src/motionmain.c:34:6: warning: unused variable ‘rightDir’ [-Wunused-variable]
  int rightDir = 0;
      ^~~~~~~~
../src/motionmain.c:33:6: warning: unused variable ‘leftDir’ [-Wunused-variable]
  int leftDir = 0;
      ^~~~~~~
../src/motionmain.c:32:6: warning: unused variable ‘enable’ [-Wunused-variable]
  int enable = 0;
      ^~~~~~
make: *** [src/motionmain.o] Error 1
src/subdir.mk:18: recipe for target 'src/motionmain.o' failed
15:56:28 **** Auto Build of configuration Debug for project motionselftest ****
make all 
Building file: ../src/motionmain.c
Invoking: ARM v7 Linux gcc compiler
arm-linux-gnueabihf-gcc -Wall -O0 -g3 -I"/home/catabit/Zybo/ledBtnAxiTut/build/tmp/sysroots/plnx_arm/usr/include" -I"/home/catabit/.opt/petalinux/tools/linux-i386/gcc-arm-linux-gnueabi/arm-linux-gnueabihf/include" -I"/home/catabit/.opt/petalinux/tools/linux-i386/gcc-arm-linux-gnueabi/arm-linux-gnueabihf/libc/usr/include" -I"/home/catabit/.opt/petalinux/tools/linux-i386/gcc-arm-linux-gnueabi/lib/gcc/arm-linux-gnueabihf/6.2.1/include" -I"/home/catabit/.opt/petalinux/tools/linux-i386/gcc-arm-linux-gnueabi/lib/gcc/arm-linux-gnueabihf/6.2.1/include-fixed" -c -fmessage-length=0 -MT"src/motionmain.o" -MMD -MP -MF"src/motionmain.d" -MT"src/motionmain.o" -o "src/motionmain.o" "../src/motionmain.c"
../src/motionmain.c: In function ‘main’:
../src/motionmain.c:39:6: warning: unused variable ‘servoPos’ [-Wunused-variable]
  int servoPos = 0;
      ^~~~~~~~
../src/motionmain.c:37:6: warning: unused variable ‘rightSpeed’ [-Wunused-variable]
  int rightSpeed = 0;
      ^~~~~~~~~~
../src/motionmain.c:36:6: warning: unused variable ‘leftSpeed’ [-Wunused-variable]
  int leftSpeed = 0;
      ^~~~~~~~~
../src/motionmain.c:34:6: warning: unused variable ‘rightDir’ [-Wunused-variable]
  int rightDir = 0;
      ^~~~~~~~
../src/motionmain.c:33:6: warning: unused variable ‘leftDir’ [-Wunused-variable]
  int leftDir = 0;
      ^~~~~~~
../src/motionmain.c:32:6: warning: unused variable ‘enable’ [-Wunused-variable]
  int enable = 0;
      ^~~~~~
Finished building: ../src/motionmain.c
 
Building target: motionselftest.elf
Invoking: ARM v7 Linux gcc linker
arm-linux-gnueabihf-gcc -L"/home/catabit/Zybo/ledBtnAxiTut/build/tmp/sysroots/plnx_arm/usr/lib" -L"/home/catabit/Zybo/ledBtnAxiTut/build/tmp/sysroots/plnx_arm/lib" --sysroot="/home/catabit/Zybo/ledBtnAxiTut/build/tmp/sysroots/plnx_arm" -o "motionselftest.elf"  ./src/motionmain.o   
Finished building target: motionselftest.elf
 
Invoking: ARM v7 Linux Print Size
arm-linux-gnueabihf-size motionselftest.elf  |tee "motionselftest.elf.size"
   text	   data	    bss	    dec	    hex	filename
   1389	    300	      8	   1697	    6a1	motionselftest.elf
Finished building: motionselftest.elf.size
 
15:56:53 **** Auto Build of configuration Debug for project motionselftest ****
make all 
Building file: ../src/motionmain.c
Invoking: ARM v7 Linux gcc compiler
arm-linux-gnueabihf-gcc -Wall -O0 -g3 -I"/home/catabit/Zybo/ledBtnAxiTut/build/tmp/sysroots/plnx_arm/usr/include" -I"/home/catabit/.opt/petalinux/tools/linux-i386/gcc-arm-linux-gnueabi/arm-linux-gnueabihf/include" -I"/home/catabit/.opt/petalinux/tools/linux-i386/gcc-arm-linux-gnueabi/arm-linux-gnueabihf/libc/usr/include" -I"/home/catabit/.opt/petalinux/tools/linux-i386/gcc-arm-linux-gnueabi/lib/gcc/arm-linux-gnueabihf/6.2.1/include" -I"/home/catabit/.opt/petalinux/tools/linux-i386/gcc-arm-linux-gnueabi/lib/gcc/arm-linux-gnueabihf/6.2.1/include-fixed" -c -fmessage-length=0 -MT"src/motionmain.o" -MMD -MP -MF"src/motionmain.d" -MT"src/motionmain.o" -o "src/motionmain.o" "../src/motionmain.c"
../src/motionmain.c: In function ‘main’:
../src/motionmain.c:43:23: error: ‘CUSTOM_IP_S00_AXI_SLV_REG0_OFFSET’ undeclared (first use in this function)
  *((unsigned *)(ptr + CUSTOM_IP_S00_AXI_SLV_REG0_OFFSET)) = 0;
                       ^~~~~~~~~~~~~~~~~~~~~~~~~~~~~~~~~
../src/motionmain.c:43:23: note: each undeclared identifier is reported only once for each function it appears in
../src/motionmain.c:39:6: warning: unused variable ‘servoPos’ [-Wunused-variable]
  int servoPos = 0;
      ^~~~~~~~
../src/motionmain.c:37:6: warning: unused variable ‘rightSpeed’ [-Wunused-variable]
  int rightSpeed = 0;
      ^~~~~~~~~~
../src/motionmain.c:36:6: warning: unused variable ‘leftSpeed’ [-Wunused-variable]
  int leftSpeed = 0;
      ^~~~~~~~~
../src/motionmain.c:34:6: warning: unused variable ‘rightDir’ [-Wunused-variable]
  int rightDir = 0;
src/subdir.mk:18: recipe for target 'src/motionmain.o' failed
      ^~~~~~~~
../src/motionmain.c:33:6: warning: unused variable ‘leftDir’ [-Wunused-variable]
  int leftDir = 0;
      ^~~~~~~
../src/motionmain.c:32:6: warning: unused variable ‘enable’ [-Wunused-variable]
  int enable = 0;
      ^~~~~~
make: *** [src/motionmain.o] Error 1
15:56:59 **** Auto Build of configuration Debug for project motionselftest ****
make all 
Building file: ../src/motionmain.c
Invoking: ARM v7 Linux gcc compiler
arm-linux-gnueabihf-gcc -Wall -O0 -g3 -I"/home/catabit/Zybo/ledBtnAxiTut/build/tmp/sysroots/plnx_arm/usr/include" -I"/home/catabit/.opt/petalinux/tools/linux-i386/gcc-arm-linux-gnueabi/arm-linux-gnueabihf/include" -I"/home/catabit/.opt/petalinux/tools/linux-i386/gcc-arm-linux-gnueabi/arm-linux-gnueabihf/libc/usr/include" -I"/home/catabit/.opt/petalinux/tools/linux-i386/gcc-arm-linux-gnueabi/lib/gcc/arm-linux-gnueabihf/6.2.1/include" -I"/home/catabit/.opt/petalinux/tools/linux-i386/gcc-arm-linux-gnueabi/lib/gcc/arm-linux-gnueabihf/6.2.1/include-fixed" -c -fmessage-length=0 -MT"src/motionmain.o" -MMD -MP -MF"src/motionmain.d" -MT"src/motionmain.o" -o "src/motionmain.o" "../src/motionmain.c"
../src/motionmain.c: In function ‘main’:
../src/motionmain.c:39:6: warning: unused variable ‘servoPos’ [-Wunused-variable]
  int servoPos = 0;
      ^~~~~~~~
../src/motionmain.c:37:6: warning: unused variable ‘rightSpeed’ [-Wunused-variable]
  int rightSpeed = 0;
      ^~~~~~~~~~
../src/motionmain.c:36:6: warning: unused variable ‘leftSpeed’ [-Wunused-variable]
  int leftSpeed = 0;
      ^~~~~~~~~
../src/motionmain.c:34:6: warning: unused variable ‘rightDir’ [-Wunused-variable]
  int rightDir = 0;
      ^~~~~~~~
../src/motionmain.c:33:6: warning: unused variable ‘leftDir’ [-Wunused-variable]
  int leftDir = 0;
      ^~~~~~~
../src/motionmain.c:32:6: warning: unused variable ‘enable’ [-Wunused-variable]
  int enable = 0;
      ^~~~~~
Finished building: ../src/motionmain.c
 
Building target: motionselftest.elf
Invoking: ARM v7 Linux gcc linker
arm-linux-gnueabihf-gcc -L"/home/catabit/Zybo/ledBtnAxiTut/build/tmp/sysroots/plnx_arm/usr/lib" -L"/home/catabit/Zybo/ledBtnAxiTut/build/tmp/sysroots/plnx_arm/lib" --sysroot="/home/catabit/Zybo/ledBtnAxiTut/build/tmp/sysroots/plnx_arm" -o "motionselftest.elf"  ./src/motionmain.o   
Finished building target: motionselftest.elf
 
Invoking: ARM v7 Linux Print Size
arm-linux-gnueabihf-size motionselftest.elf  |tee "motionselftest.elf.size"
   text	   data	    bss	    dec	    hex	filename
   1377	    300	      8	   1685	    695	motionselftest.elf
Finished building: motionselftest.elf.size
 
15:57:43 **** Auto Build of configuration Debug for project motionselftest ****
make all 
Building file: ../src/motionmain.c
Invoking: ARM v7 Linux gcc compiler
arm-linux-gnueabihf-gcc -Wall -O0 -g3 -I"/home/catabit/Zybo/ledBtnAxiTut/build/tmp/sysroots/plnx_arm/usr/include" -I"/home/catabit/.opt/petalinux/tools/linux-i386/gcc-arm-linux-gnueabi/arm-linux-gnueabihf/include" -I"/home/catabit/.opt/petalinux/tools/linux-i386/gcc-arm-linux-gnueabi/arm-linux-gnueabihf/libc/usr/include" -I"/home/catabit/.opt/petalinux/tools/linux-i386/gcc-arm-linux-gnueabi/lib/gcc/arm-linux-gnueabihf/6.2.1/include" -I"/home/catabit/.opt/petalinux/tools/linux-i386/gcc-arm-linux-gnueabi/lib/gcc/arm-linux-gnueabihf/6.2.1/include-fixed" -c -fmessage-length=0 -MT"src/motionmain.o" -MMD -MP -MF"src/motionmain.d" -MT"src/motionmain.o" -o "src/motionmain.o" "../src/motionmain.c"
../src/motionmain.c: In function ‘main’:
../src/motionmain.c:39:6: warning: unused variable ‘servoPos’ [-Wunused-variable]
  int servoPos = 0;
      ^~~~~~~~
../src/motionmain.c:37:6: warning: unused variable ‘rightSpeed’ [-Wunused-variable]
  int rightSpeed = 0;
      ^~~~~~~~~~
../src/motionmain.c:36:6: warning: unused variable ‘leftSpeed’ [-Wunused-variable]
  int leftSpeed = 0;
      ^~~~~~~~~
../src/motionmain.c:34:6: warning: unused variable ‘rightDir’ [-Wunused-variable]
  int rightDir = 0;
      ^~~~~~~~
../src/motionmain.c:33:6: warning: unused variable ‘leftDir’ [-Wunused-variable]
  int leftDir = 0;
      ^~~~~~~
../src/motionmain.c:32:6: warning: unused variable ‘enable’ [-Wunused-variable]
  int enable = 0;
      ^~~~~~
Finished building: ../src/motionmain.c
 
Building target: motionselftest.elf
Invoking: ARM v7 Linux gcc linker
arm-linux-gnueabihf-gcc -L"/home/catabit/Zybo/ledBtnAxiTut/build/tmp/sysroots/plnx_arm/usr/lib" -L"/home/catabit/Zybo/ledBtnAxiTut/build/tmp/sysroots/plnx_arm/lib" --sysroot="/home/catabit/Zybo/ledBtnAxiTut/build/tmp/sysroots/plnx_arm" -o "motionselftest.elf"  ./src/motionmain.o   
Finished building target: motionselftest.elf
 
Invoking: ARM v7 Linux Print Size
arm-linux-gnueabihf-size motionselftest.elf  |tee "motionselftest.elf.size"
   text	   data	    bss	    dec	    hex	filename
   1417	    300	      8	   1725	    6bd	motionselftest.elf
Finished building: motionselftest.elf.size
 
15:58:18 **** Auto Build of configuration Debug for project motionselftest ****
make all 
Building file: ../src/motionmain.c
Invoking: ARM v7 Linux gcc compiler
arm-linux-gnueabihf-gcc -Wall -O0 -g3 -I"/home/catabit/Zybo/ledBtnAxiTut/build/tmp/sysroots/plnx_arm/usr/include" -I"/home/catabit/.opt/petalinux/tools/linux-i386/gcc-arm-linux-gnueabi/arm-linux-gnueabihf/include" -I"/home/catabit/.opt/petalinux/tools/linux-i386/gcc-arm-linux-gnueabi/arm-linux-gnueabihf/libc/usr/include" -I"/home/catabit/.opt/petalinux/tools/linux-i386/gcc-arm-linux-gnueabi/lib/gcc/arm-linux-gnueabihf/6.2.1/include" -I"/home/catabit/.opt/petalinux/tools/linux-i386/gcc-arm-linux-gnueabi/lib/gcc/arm-linux-gnueabihf/6.2.1/include-fixed" -c -fmessage-length=0 -MT"src/motionmain.o" -MMD -MP -MF"src/motionmain.d" -MT"src/motionmain.o" -o "src/motionmain.o" "../src/motionmain.c"
../src/motionmain.c: In function ‘main’:
../src/motionmain.c:39:15: warning: unused variable ‘servoPos’ [-Wunused-variable]
  unsigned int servoPos = 0;
               ^~~~~~~~
../src/motionmain.c:37:15: warning: unused variable ‘rightSpeed’ [-Wunused-variable]
  unsigned int rightSpeed = 0;
               ^~~~~~~~~~
../src/motionmain.c:36:15: warning: unused variable ‘leftSpeed’ [-Wunused-variable]
  unsigned int leftSpeed = 0;
               ^~~~~~~~~
../src/motionmain.c:34:15: warning: unused variable ‘rightDir’ [-Wunused-variable]
  unsigned int rightDir = 0;
               ^~~~~~~~
../src/motionmain.c:33:15: warning: unused variable ‘leftDir’ [-Wunused-variable]
  unsigned int leftDir = 0;
               ^~~~~~~
../src/motionmain.c:32:15: warning: unused variable ‘enable’ [-Wunused-variable]
  unsigned int enable = 0;
               ^~~~~~
Finished building: ../src/motionmain.c
 
Building target: motionselftest.elf
Invoking: ARM v7 Linux gcc linker
arm-linux-gnueabihf-gcc -L"/home/catabit/Zybo/ledBtnAxiTut/build/tmp/sysroots/plnx_arm/usr/lib" -L"/home/catabit/Zybo/ledBtnAxiTut/build/tmp/sysroots/plnx_arm/lib" --sysroot="/home/catabit/Zybo/ledBtnAxiTut/build/tmp/sysroots/plnx_arm" -o "motionselftest.elf"  ./src/motionmain.o   
Finished building target: motionselftest.elf
 
Invoking: ARM v7 Linux Print Size
arm-linux-gnueabihf-size motionselftest.elf  |tee "motionselftest.elf.size"
   text	   data	    bss	    dec	    hex	filename
   1417	    300	      8	   1725	    6bd	motionselftest.elf
Finished building: motionselftest.elf.size
 
15:58:48 **** Auto Build of configuration Debug for project motionselftest ****
make all 
Building file: ../src/motionmain.c
Invoking: ARM v7 Linux gcc compiler
arm-linux-gnueabihf-gcc -Wall -O0 -g3 -I"/home/catabit/Zybo/ledBtnAxiTut/build/tmp/sysroots/plnx_arm/usr/include" -I"/home/catabit/.opt/petalinux/tools/linux-i386/gcc-arm-linux-gnueabi/arm-linux-gnueabihf/include" -I"/home/catabit/.opt/petalinux/tools/linux-i386/gcc-arm-linux-gnueabi/arm-linux-gnueabihf/libc/usr/include" -I"/home/catabit/.opt/petalinux/tools/linux-i386/gcc-arm-linux-gnueabi/lib/gcc/arm-linux-gnueabihf/6.2.1/include" -I"/home/catabit/.opt/petalinux/tools/linux-i386/gcc-arm-linux-gnueabi/lib/gcc/arm-linux-gnueabihf/6.2.1/include-fixed" -c -fmessage-length=0 -MT"src/motionmain.o" -MMD -MP -MF"src/motionmain.d" -MT"src/motionmain.o" -o "src/motionmain.o" "../src/motionmain.c"
../src/motionmain.c: In function ‘main’:
../src/motionmain.c:48:3: warning: implicit declaration of function ‘msleep’ [-Wimplicit-function-declaration]
   msleep(10);
   ^~~~~~
../src/motionmain.c:39:15: warning: unused variable ‘servoPos’ [-Wunused-variable]
  unsigned int servoPos = 0;
               ^~~~~~~~
../src/motionmain.c:37:15: warning: unused variable ‘rightSpeed’ [-Wunused-variable]
  unsigned int rightSpeed = 0;
               ^~~~~~~~~~
../src/motionmain.c:36:15: warning: variable ‘leftSpeed’ set but not used [-Wunused-but-set-variable]
  unsigned int leftSpeed = 0;
               ^~~~~~~~~
../src/motionmain.c:34:15: warning: unused variable ‘rightDir’ [-Wunused-variable]
  unsigned int rightDir = 0;
               ^~~~~~~~
../src/motionmain.c:33:15: warning: unused variable ‘leftDir’ [-Wunused-variable]
  unsigned int leftDir = 0;
               ^~~~~~~
../src/motionmain.c:32:15: warning: unused variable ‘enable’ [-Wunused-variable]
  unsigned int enable = 0;
               ^~~~~~
Finished building: ../src/motionmain.c
 
Building target: motionselftest.elf
Invoking: ARM v7 Linux gcc linker
arm-linux-gnueabihf-gcc -L"/home/catabit/Zybo/ledBtnAxiTut/build/tmp/sysroots/plnx_arm/usr/lib" -L"/home/catabit/Zybo/ledBtnAxiTut/build/tmp/sysroots/plnx_arm/lib" --sysroot="/home/catabit/Zybo/ledBtnAxiTut/build/tmp/sysroots/plnx_arm" -o "motionselftest.elf"  ./src/motionmain.o   
./src/motionmain.o: In function `main':
/home/catabit/Zybo/project_2/project_2.sdk/motionselftest/Debug/../src/motionmain.c:48: undefined reference to `msleep'
makefile:36: recipe for target 'motionselftest.elf' failed
collect2: error: ld returned 1 exit status
make: *** [motionselftest.elf] Error 1
15:58:55 **** Auto Build of configuration Debug for project motionselftest ****
make all 
Building file: ../src/motionmain.c
Invoking: ARM v7 Linux gcc compiler
arm-linux-gnueabihf-gcc -Wall -O0 -g3 -I"/home/catabit/Zybo/ledBtnAxiTut/build/tmp/sysroots/plnx_arm/usr/include" -I"/home/catabit/.opt/petalinux/tools/linux-i386/gcc-arm-linux-gnueabi/arm-linux-gnueabihf/include" -I"/home/catabit/.opt/petalinux/tools/linux-i386/gcc-arm-linux-gnueabi/arm-linux-gnueabihf/libc/usr/include" -I"/home/catabit/.opt/petalinux/tools/linux-i386/gcc-arm-linux-gnueabi/lib/gcc/arm-linux-gnueabihf/6.2.1/include" -I"/home/catabit/.opt/petalinux/tools/linux-i386/gcc-arm-linux-gnueabi/lib/gcc/arm-linux-gnueabihf/6.2.1/include-fixed" -c -fmessage-length=0 -MT"src/motionmain.o" -MMD -MP -MF"src/motionmain.d" -MT"src/motionmain.o" -o "src/motionmain.o" "../src/motionmain.c"
../src/motionmain.c: In function ‘main’:
../src/motionmain.c:39:15: warning: unused variable ‘servoPos’ [-Wunused-variable]
  unsigned int servoPos = 0;
               ^~~~~~~~
../src/motionmain.c:37:15: warning: unused variable ‘rightSpeed’ [-Wunused-variable]
  unsigned int rightSpeed = 0;
               ^~~~~~~~~~
../src/motionmain.c:36:15: warning: variable ‘leftSpeed’ set but not used [-Wunused-but-set-variable]
  unsigned int leftSpeed = 0;
               ^~~~~~~~~
../src/motionmain.c:34:15: warning: unused variable ‘rightDir’ [-Wunused-variable]
  unsigned int rightDir = 0;
               ^~~~~~~~
../src/motionmain.c:33:15: warning: unused variable ‘leftDir’ [-Wunused-variable]
  unsigned int leftDir = 0;
               ^~~~~~~
../src/motionmain.c:32:15: warning: unused variable ‘enable’ [-Wunused-variable]
  unsigned int enable = 0;
               ^~~~~~
Finished building: ../src/motionmain.c
 
Building target: motionselftest.elf
Invoking: ARM v7 Linux gcc linker
arm-linux-gnueabihf-gcc -L"/home/catabit/Zybo/ledBtnAxiTut/build/tmp/sysroots/plnx_arm/usr/lib" -L"/home/catabit/Zybo/ledBtnAxiTut/build/tmp/sysroots/plnx_arm/lib" --sysroot="/home/catabit/Zybo/ledBtnAxiTut/build/tmp/sysroots/plnx_arm" -o "motionselftest.elf"  ./src/motionmain.o   
Finished building target: motionselftest.elf
 
Invoking: ARM v7 Linux Print Size
arm-linux-gnueabihf-size motionselftest.elf  |tee "motionselftest.elf.size"
   text	   data	    bss	    dec	    hex	filename
   1433	    300	      8	   1741	    6cd	motionselftest.elf
Finished building: motionselftest.elf.size
 
15:59:28 **** Auto Build of configuration Debug for project motionselftest ****
make all 
Building file: ../src/motionmain.c
Invoking: ARM v7 Linux gcc compiler
arm-linux-gnueabihf-gcc -Wall -O0 -g3 -I"/home/catabit/Zybo/ledBtnAxiTut/build/tmp/sysroots/plnx_arm/usr/include" -I"/home/catabit/.opt/petalinux/tools/linux-i386/gcc-arm-linux-gnueabi/arm-linux-gnueabihf/include" -I"/home/catabit/.opt/petalinux/tools/linux-i386/gcc-arm-linux-gnueabi/arm-linux-gnueabihf/libc/usr/include" -I"/home/catabit/.opt/petalinux/tools/linux-i386/gcc-arm-linux-gnueabi/lib/gcc/arm-linux-gnueabihf/6.2.1/include" -I"/home/catabit/.opt/petalinux/tools/linux-i386/gcc-arm-linux-gnueabi/lib/gcc/arm-linux-gnueabihf/6.2.1/include-fixed" -c -fmessage-length=0 -MT"src/motionmain.o" -MMD -MP -MF"src/motionmain.d" -MT"src/motionmain.o" -o "src/motionmain.o" "../src/motionmain.c"
../src/motionmain.c: In function ‘main’:
../src/motionmain.c:39:15: warning: unused variable ‘servoPos’ [-Wunused-variable]
  unsigned int servoPos = 0;
               ^~~~~~~~
../src/motionmain.c:37:15: warning: unused variable ‘rightSpeed’ [-Wunused-variable]
  unsigned int rightSpeed = 0;
               ^~~~~~~~~~
../src/motionmain.c:34:15: warning: unused variable ‘rightDir’ [-Wunused-variable]
  unsigned int rightDir = 0;
               ^~~~~~~~
../src/motionmain.c:33:15: warning: unused variable ‘leftDir’ [-Wunused-variable]
  unsigned int leftDir = 0;
               ^~~~~~~
../src/motionmain.c:32:15: warning: unused variable ‘enable’ [-Wunused-variable]
  unsigned int enable = 0;
               ^~~~~~
Finished building: ../src/motionmain.c
 
Building target: motionselftest.elf
Invoking: ARM v7 Linux gcc linker
arm-linux-gnueabihf-gcc -L"/home/catabit/Zybo/ledBtnAxiTut/build/tmp/sysroots/plnx_arm/usr/lib" -L"/home/catabit/Zybo/ledBtnAxiTut/build/tmp/sysroots/plnx_arm/lib" --sysroot="/home/catabit/Zybo/ledBtnAxiTut/build/tmp/sysroots/plnx_arm" -o "motionselftest.elf"  ./src/motionmain.o   
Finished building target: motionselftest.elf
 
Invoking: ARM v7 Linux Print Size
arm-linux-gnueabihf-size motionselftest.elf  |tee "motionselftest.elf.size"
   text	   data	    bss	    dec	    hex	filename
   1465	    300	      8	   1773	    6ed	motionselftest.elf
Finished building: motionselftest.elf.size
 
16:01:54 **** Auto Build of configuration Debug for project motionselftest ****
make all 
Building file: ../src/motionmain.c
Invoking: ARM v7 Linux gcc compiler
arm-linux-gnueabihf-gcc -Wall -O0 -g3 -I"/home/catabit/Zybo/ledBtnAxiTut/build/tmp/sysroots/plnx_arm/usr/include" -I"/home/catabit/.opt/petalinux/tools/linux-i386/gcc-arm-linux-gnueabi/arm-linux-gnueabihf/include" -I"/home/catabit/.opt/petalinux/tools/linux-i386/gcc-arm-linux-gnueabi/arm-linux-gnueabihf/libc/usr/include" -I"/home/catabit/.opt/petalinux/tools/linux-i386/gcc-arm-linux-gnueabi/lib/gcc/arm-linux-gnueabihf/6.2.1/include" -I"/home/catabit/.opt/petalinux/tools/linux-i386/gcc-arm-linux-gnueabi/lib/gcc/arm-linux-gnueabihf/6.2.1/include-fixed" -c -fmessage-length=0 -MT"src/motionmain.o" -MMD -MP -MF"src/motionmain.d" -MT"src/motionmain.o" -o "src/motionmain.o" "../src/motionmain.c"
../src/motionmain.c: In function ‘main’:
../src/motionmain.c:45:54: warning: comparisons like ‘X<=Y<=Z’ do not have their mathematical meaning [-Wparentheses]
  *((unsigned *)(ptr + CONTROL_REG_OFFSET)) = rightDir<2 + leftDir<1 + enable;
                                              ~~~~~~~~^~~~~~~~~~~~
../src/motionmain.c:39:15: warning: unused variable ‘servoPos’ [-Wunused-variable]
  unsigned int servoPos = 0;
               ^~~~~~~~
../src/motionmain.c:37:15: warning: unused variable ‘rightSpeed’ [-Wunused-variable]
  unsigned int rightSpeed = 0;
               ^~~~~~~~~~
Finished building: ../src/motionmain.c
 
Building target: motionselftest.elf
Invoking: ARM v7 Linux gcc linker
arm-linux-gnueabihf-gcc -L"/home/catabit/Zybo/ledBtnAxiTut/build/tmp/sysroots/plnx_arm/usr/lib" -L"/home/catabit/Zybo/ledBtnAxiTut/build/tmp/sysroots/plnx_arm/lib" --sysroot="/home/catabit/Zybo/ledBtnAxiTut/build/tmp/sysroots/plnx_arm" -o "motionselftest.elf"  ./src/motionmain.o   
Finished building target: motionselftest.elf
 
Invoking: ARM v7 Linux Print Size
arm-linux-gnueabihf-size motionselftest.elf  |tee "motionselftest.elf.size"
   text	   data	    bss	    dec	    hex	filename
   1533	    300	      8	   1841	    731	motionselftest.elf
Finished building: motionselftest.elf.size
 
16:02:07 **** Auto Build of configuration Debug for project motionselftest ****
make all 
Building file: ../src/motionmain.c
Invoking: ARM v7 Linux gcc compiler
arm-linux-gnueabihf-gcc -Wall -O0 -g3 -I"/home/catabit/Zybo/ledBtnAxiTut/build/tmp/sysroots/plnx_arm/usr/include" -I"/home/catabit/.opt/petalinux/tools/linux-i386/gcc-arm-linux-gnueabi/arm-linux-gnueabihf/include" -I"/home/catabit/.opt/petalinux/tools/linux-i386/gcc-arm-linux-gnueabi/arm-linux-gnueabihf/libc/usr/include" -I"/home/catabit/.opt/petalinux/tools/linux-i386/gcc-arm-linux-gnueabi/lib/gcc/arm-linux-gnueabihf/6.2.1/include" -I"/home/catabit/.opt/petalinux/tools/linux-i386/gcc-arm-linux-gnueabi/lib/gcc/arm-linux-gnueabihf/6.2.1/include-fixed" -c -fmessage-length=0 -MT"src/motionmain.o" -MMD -MP -MF"src/motionmain.d" -MT"src/motionmain.o" -o "src/motionmain.o" "../src/motionmain.c"
../src/motionmain.c: In function ‘main’:
../src/motionmain.c:39:15: warning: unused variable ‘servoPos’ [-Wunused-variable]
  unsigned int servoPos = 0;
               ^~~~~~~~
../src/motionmain.c:37:15: warning: unused variable ‘rightSpeed’ [-Wunused-variable]
  unsigned int rightSpeed = 0;
               ^~~~~~~~~~
Finished building: ../src/motionmain.c
 
Building target: motionselftest.elf
Invoking: ARM v7 Linux gcc linker
arm-linux-gnueabihf-gcc -L"/home/catabit/Zybo/ledBtnAxiTut/build/tmp/sysroots/plnx_arm/usr/lib" -L"/home/catabit/Zybo/ledBtnAxiTut/build/tmp/sysroots/plnx_arm/lib" --sysroot="/home/catabit/Zybo/ledBtnAxiTut/build/tmp/sysroots/plnx_arm" -o "motionselftest.elf"  ./src/motionmain.o   
Finished building target: motionselftest.elf
 
Invoking: ARM v7 Linux Print Size
arm-linux-gnueabihf-size motionselftest.elf  |tee "motionselftest.elf.size"
   text	   data	    bss	    dec	    hex	filename
   1533	    300	      8	   1841	    731	motionselftest.elf
Finished building: motionselftest.elf.size
 
16:02:29 **** Auto Build of configuration Debug for project motionselftest ****
make all 
Building file: ../src/motionmain.c
Invoking: ARM v7 Linux gcc compiler
arm-linux-gnueabihf-gcc -Wall -O0 -g3 -I"/home/catabit/Zybo/ledBtnAxiTut/build/tmp/sysroots/plnx_arm/usr/include" -I"/home/catabit/.opt/petalinux/tools/linux-i386/gcc-arm-linux-gnueabi/arm-linux-gnueabihf/include" -I"/home/catabit/.opt/petalinux/tools/linux-i386/gcc-arm-linux-gnueabi/arm-linux-gnueabihf/libc/usr/include" -I"/home/catabit/.opt/petalinux/tools/linux-i386/gcc-arm-linux-gnueabi/lib/gcc/arm-linux-gnueabihf/6.2.1/include" -I"/home/catabit/.opt/petalinux/tools/linux-i386/gcc-arm-linux-gnueabi/lib/gcc/arm-linux-gnueabihf/6.2.1/include-fixed" -c -fmessage-length=0 -MT"src/motionmain.o" -MMD -MP -MF"src/motionmain.d" -MT"src/motionmain.o" -o "src/motionmain.o" "../src/motionmain.c"
../src/motionmain.c: In function ‘main’:
../src/motionmain.c:39:15: warning: unused variable ‘servoPos’ [-Wunused-variable]
  unsigned int servoPos = 0;
               ^~~~~~~~
../src/motionmain.c:37:15: warning: unused variable ‘rightSpeed’ [-Wunused-variable]
  unsigned int rightSpeed = 0;
               ^~~~~~~~~~
Finished building: ../src/motionmain.c
 
Building target: motionselftest.elf
Invoking: ARM v7 Linux gcc linker
arm-linux-gnueabihf-gcc -L"/home/catabit/Zybo/ledBtnAxiTut/build/tmp/sysroots/plnx_arm/usr/lib" -L"/home/catabit/Zybo/ledBtnAxiTut/build/tmp/sysroots/plnx_arm/lib" --sysroot="/home/catabit/Zybo/ledBtnAxiTut/build/tmp/sysroots/plnx_arm" -o "motionselftest.elf"  ./src/motionmain.o   
Finished building target: motionselftest.elf
 
Invoking: ARM v7 Linux Print Size
arm-linux-gnueabihf-size motionselftest.elf  |tee "motionselftest.elf.size"
   text	   data	    bss	    dec	    hex	filename
   1533	    300	      8	   1841	    731	motionselftest.elf
Finished building: motionselftest.elf.size
 
16:03:39 **** Auto Build of configuration Debug for project motionselftest ****
make all 
Building file: ../src/motionmain.c
Invoking: ARM v7 Linux gcc compiler
arm-linux-gnueabihf-gcc -Wall -O0 -g3 -I"/home/catabit/Zybo/ledBtnAxiTut/build/tmp/sysroots/plnx_arm/usr/include" -I"/home/catabit/.opt/petalinux/tools/linux-i386/gcc-arm-linux-gnueabi/arm-linux-gnueabihf/include" -I"/home/catabit/.opt/petalinux/tools/linux-i386/gcc-arm-linux-gnueabi/arm-linux-gnueabihf/libc/usr/include" -I"/home/catabit/.opt/petalinux/tools/linux-i386/gcc-arm-linux-gnueabi/lib/gcc/arm-linux-gnueabihf/6.2.1/include" -I"/home/catabit/.opt/petalinux/tools/linux-i386/gcc-arm-linux-gnueabi/lib/gcc/arm-linux-gnueabihf/6.2.1/include-fixed" -c -fmessage-length=0 -MT"src/motionmain.o" -MMD -MP -MF"src/motionmain.d" -MT"src/motionmain.o" -o "src/motionmain.o" "../src/motionmain.c"
../src/motionmain.c: In function ‘main’:
../src/motionmain.c:39:15: warning: unused variable ‘servoPos’ [-Wunused-variable]
  unsigned int servoPos = 0;
               ^~~~~~~~
../src/motionmain.c:37:15: warning: unused variable ‘rightSpeed’ [-Wunused-variable]
  unsigned int rightSpeed = 0;
               ^~~~~~~~~~
Finished building: ../src/motionmain.c
 
Building target: motionselftest.elf
Invoking: ARM v7 Linux gcc linker
arm-linux-gnueabihf-gcc -L"/home/catabit/Zybo/ledBtnAxiTut/build/tmp/sysroots/plnx_arm/usr/lib" -L"/home/catabit/Zybo/ledBtnAxiTut/build/tmp/sysroots/plnx_arm/lib" --sysroot="/home/catabit/Zybo/ledBtnAxiTut/build/tmp/sysroots/plnx_arm" -o "motionselftest.elf"  ./src/motionmain.o   
Finished building target: motionselftest.elf
 
Invoking: ARM v7 Linux Print Size
arm-linux-gnueabihf-size motionselftest.elf  |tee "motionselftest.elf.size"
   text	   data	    bss	    dec	    hex	filename
   1768	    304	      8	   2080	    820	motionselftest.elf
Finished building: motionselftest.elf.size
 
16:03:42 **** Auto Build of configuration Debug for project motionselftest ****
make all 
Building file: ../src/motionmain.c
Invoking: ARM v7 Linux gcc compiler
arm-linux-gnueabihf-gcc -Wall -O0 -g3 -I"/home/catabit/Zybo/ledBtnAxiTut/build/tmp/sysroots/plnx_arm/usr/include" -I"/home/catabit/.opt/petalinux/tools/linux-i386/gcc-arm-linux-gnueabi/arm-linux-gnueabihf/include" -I"/home/catabit/.opt/petalinux/tools/linux-i386/gcc-arm-linux-gnueabi/arm-linux-gnueabihf/libc/usr/include" -I"/home/catabit/.opt/petalinux/tools/linux-i386/gcc-arm-linux-gnueabi/lib/gcc/arm-linux-gnueabihf/6.2.1/include" -I"/home/catabit/.opt/petalinux/tools/linux-i386/gcc-arm-linux-gnueabi/lib/gcc/arm-linux-gnueabihf/6.2.1/include-fixed" -c -fmessage-length=0 -MT"src/motionmain.o" -MMD -MP -MF"src/motionmain.d" -MT"src/motionmain.o" -o "src/motionmain.o" "../src/motionmain.c"
../src/motionmain.c: In function ‘main’:
../src/motionmain.c:39:15: warning: unused variable ‘servoPos’ [-Wunused-variable]
  unsigned int servoPos = 0;
               ^~~~~~~~
../src/motionmain.c:37:15: warning: unused variable ‘rightSpeed’ [-Wunused-variable]
  unsigned int rightSpeed = 0;
               ^~~~~~~~~~
Finished building: ../src/motionmain.c
 
Building target: motionselftest.elf
Invoking: ARM v7 Linux gcc linker
arm-linux-gnueabihf-gcc -L"/home/catabit/Zybo/ledBtnAxiTut/build/tmp/sysroots/plnx_arm/usr/lib" -L"/home/catabit/Zybo/ledBtnAxiTut/build/tmp/sysroots/plnx_arm/lib" --sysroot="/home/catabit/Zybo/ledBtnAxiTut/build/tmp/sysroots/plnx_arm" -o "motionselftest.elf"  ./src/motionmain.o   
Finished building target: motionselftest.elf
 
Invoking: ARM v7 Linux Print Size
arm-linux-gnueabihf-size motionselftest.elf  |tee "motionselftest.elf.size"
   text	   data	    bss	    dec	    hex	filename
   1768	    304	      8	   2080	    820	motionselftest.elf
Finished building: motionselftest.elf.size
 
16:03:53 **** Auto Build of configuration Debug for project motionselftest ****
make all 
Building file: ../src/motionmain.c
Invoking: ARM v7 Linux gcc compiler
arm-linux-gnueabihf-gcc -Wall -O0 -g3 -I"/home/catabit/Zybo/ledBtnAxiTut/build/tmp/sysroots/plnx_arm/usr/include" -I"/home/catabit/.opt/petalinux/tools/linux-i386/gcc-arm-linux-gnueabi/arm-linux-gnueabihf/include" -I"/home/catabit/.opt/petalinux/tools/linux-i386/gcc-arm-linux-gnueabi/arm-linux-gnueabihf/libc/usr/include" -I"/home/catabit/.opt/petalinux/tools/linux-i386/gcc-arm-linux-gnueabi/lib/gcc/arm-linux-gnueabihf/6.2.1/include" -I"/home/catabit/.opt/petalinux/tools/linux-i386/gcc-arm-linux-gnueabi/lib/gcc/arm-linux-gnueabihf/6.2.1/include-fixed" -c -fmessage-length=0 -MT"src/motionmain.o" -MMD -MP -MF"src/motionmain.d" -MT"src/motionmain.o" -o "src/motionmain.o" "../src/motionmain.c"
../src/motionmain.c: In function ‘main’:
../src/motionmain.c:39:15: warning: unused variable ‘servoPos’ [-Wunused-variable]
  unsigned int servoPos = 0;
               ^~~~~~~~
../src/motionmain.c:37:15: warning: unused variable ‘rightSpeed’ [-Wunused-variable]
  unsigned int rightSpeed = 0;
               ^~~~~~~~~~
Finished building: ../src/motionmain.c
 
Building target: motionselftest.elf
Invoking: ARM v7 Linux gcc linker
arm-linux-gnueabihf-gcc -L"/home/catabit/Zybo/ledBtnAxiTut/build/tmp/sysroots/plnx_arm/usr/lib" -L"/home/catabit/Zybo/ledBtnAxiTut/build/tmp/sysroots/plnx_arm/lib" --sysroot="/home/catabit/Zybo/ledBtnAxiTut/build/tmp/sysroots/plnx_arm" -o "motionselftest.elf"  ./src/motionmain.o   
Finished building target: motionselftest.elf
 
Invoking: ARM v7 Linux Print Size
arm-linux-gnueabihf-size motionselftest.elf  |tee "motionselftest.elf.size"
   text	   data	    bss	    dec	    hex	filename
   1795	    304	      8	   2107	    83b	motionselftest.elf
Finished building: motionselftest.elf.size
 
16:04:15 **** Auto Build of configuration Debug for project motionselftest ****
make all 
Building file: ../src/motionmain.c
Invoking: ARM v7 Linux gcc compiler
arm-linux-gnueabihf-gcc -Wall -O0 -g3 -I"/home/catabit/Zybo/ledBtnAxiTut/build/tmp/sysroots/plnx_arm/usr/include" -I"/home/catabit/.opt/petalinux/tools/linux-i386/gcc-arm-linux-gnueabi/arm-linux-gnueabihf/include" -I"/home/catabit/.opt/petalinux/tools/linux-i386/gcc-arm-linux-gnueabi/arm-linux-gnueabihf/libc/usr/include" -I"/home/catabit/.opt/petalinux/tools/linux-i386/gcc-arm-linux-gnueabi/lib/gcc/arm-linux-gnueabihf/6.2.1/include" -I"/home/catabit/.opt/petalinux/tools/linux-i386/gcc-arm-linux-gnueabi/lib/gcc/arm-linux-gnueabihf/6.2.1/include-fixed" -c -fmessage-length=0 -MT"src/motionmain.o" -MMD -MP -MF"src/motionmain.d" -MT"src/motionmain.o" -o "src/motionmain.o" "../src/motionmain.c"
../src/motionmain.c: In function ‘main’:
../src/motionmain.c:39:15: warning: unused variable ‘servoPos’ [-Wunused-variable]
  unsigned int servoPos = 0;
               ^~~~~~~~
../src/motionmain.c:37:15: warning: unused variable ‘rightSpeed’ [-Wunused-variable]
  unsigned int rightSpeed = 0;
               ^~~~~~~~~~
Finished building: ../src/motionmain.c
 
Building target: motionselftest.elf
Invoking: ARM v7 Linux gcc linker
arm-linux-gnueabihf-gcc -L"/home/catabit/Zybo/ledBtnAxiTut/build/tmp/sysroots/plnx_arm/usr/lib" -L"/home/catabit/Zybo/ledBtnAxiTut/build/tmp/sysroots/plnx_arm/lib" --sysroot="/home/catabit/Zybo/ledBtnAxiTut/build/tmp/sysroots/plnx_arm" -o "motionselftest.elf"  ./src/motionmain.o   
Finished building target: motionselftest.elf
 
Invoking: ARM v7 Linux Print Size
arm-linux-gnueabihf-size motionselftest.elf  |tee "motionselftest.elf.size"
   text	   data	    bss	    dec	    hex	filename
   1887	    304	      8	   2199	    897	motionselftest.elf
Finished building: motionselftest.elf.size
 
16:04:32 **** Auto Build of configuration Debug for project motionselftest ****
make all 
Building file: ../src/motionmain.c
Invoking: ARM v7 Linux gcc compiler
arm-linux-gnueabihf-gcc -Wall -O0 -g3 -I"/home/catabit/Zybo/ledBtnAxiTut/build/tmp/sysroots/plnx_arm/usr/include" -I"/home/catabit/.opt/petalinux/tools/linux-i386/gcc-arm-linux-gnueabi/arm-linux-gnueabihf/include" -I"/home/catabit/.opt/petalinux/tools/linux-i386/gcc-arm-linux-gnueabi/arm-linux-gnueabihf/libc/usr/include" -I"/home/catabit/.opt/petalinux/tools/linux-i386/gcc-arm-linux-gnueabi/lib/gcc/arm-linux-gnueabihf/6.2.1/include" -I"/home/catabit/.opt/petalinux/tools/linux-i386/gcc-arm-linux-gnueabi/lib/gcc/arm-linux-gnueabihf/6.2.1/include-fixed" -c -fmessage-length=0 -MT"src/motionmain.o" -MMD -MP -MF"src/motionmain.d" -MT"src/motionmain.o" -o "src/motionmain.o" "../src/motionmain.c"
../src/motionmain.c: In function ‘main’:
../src/motionmain.c:39:15: warning: unused variable ‘servoPos’ [-Wunused-variable]
  unsigned int servoPos = 0;
               ^~~~~~~~
../src/motionmain.c:37:15: warning: unused variable ‘rightSpeed’ [-Wunused-variable]
  unsigned int rightSpeed = 0;
               ^~~~~~~~~~
Finished building: ../src/motionmain.c
 
Building target: motionselftest.elf
Invoking: ARM v7 Linux gcc linker
arm-linux-gnueabihf-gcc -L"/home/catabit/Zybo/ledBtnAxiTut/build/tmp/sysroots/plnx_arm/usr/lib" -L"/home/catabit/Zybo/ledBtnAxiTut/build/tmp/sysroots/plnx_arm/lib" --sysroot="/home/catabit/Zybo/ledBtnAxiTut/build/tmp/sysroots/plnx_arm" -o "motionselftest.elf"  ./src/motionmain.o   
Finished building target: motionselftest.elf
 
Invoking: ARM v7 Linux Print Size
arm-linux-gnueabihf-size motionselftest.elf  |tee "motionselftest.elf.size"
   text	   data	    bss	    dec	    hex	filename
   2067	    304	      8	   2379	    94b	motionselftest.elf
Finished building: motionselftest.elf.size
 
16:04:49 **** Auto Build of configuration Debug for project motionselftest ****
make all 
Building file: ../src/motionmain.c
Invoking: ARM v7 Linux gcc compiler
arm-linux-gnueabihf-gcc -Wall -O0 -g3 -I"/home/catabit/Zybo/ledBtnAxiTut/build/tmp/sysroots/plnx_arm/usr/include" -I"/home/catabit/.opt/petalinux/tools/linux-i386/gcc-arm-linux-gnueabi/arm-linux-gnueabihf/include" -I"/home/catabit/.opt/petalinux/tools/linux-i386/gcc-arm-linux-gnueabi/arm-linux-gnueabihf/libc/usr/include" -I"/home/catabit/.opt/petalinux/tools/linux-i386/gcc-arm-linux-gnueabi/lib/gcc/arm-linux-gnueabihf/6.2.1/include" -I"/home/catabit/.opt/petalinux/tools/linux-i386/gcc-arm-linux-gnueabi/lib/gcc/arm-linux-gnueabihf/6.2.1/include-fixed" -c -fmessage-length=0 -MT"src/motionmain.o" -MMD -MP -MF"src/motionmain.d" -MT"src/motionmain.o" -o "src/motionmain.o" "../src/motionmain.c"
../src/motionmain.c: In function ‘main’:
../src/motionmain.c:39:15: warning: unused variable ‘servoPos’ [-Wunused-variable]
  unsigned int servoPos = 0;
               ^~~~~~~~
../src/motionmain.c:37:15: warning: unused variable ‘rightSpeed’ [-Wunused-variable]
  unsigned int rightSpeed = 0;
               ^~~~~~~~~~
Finished building: ../src/motionmain.c
 
Building target: motionselftest.elf
Invoking: ARM v7 Linux gcc linker
arm-linux-gnueabihf-gcc -L"/home/catabit/Zybo/ledBtnAxiTut/build/tmp/sysroots/plnx_arm/usr/lib" -L"/home/catabit/Zybo/ledBtnAxiTut/build/tmp/sysroots/plnx_arm/lib" --sysroot="/home/catabit/Zybo/ledBtnAxiTut/build/tmp/sysroots/plnx_arm" -o "motionselftest.elf"  ./src/motionmain.o   
Finished building target: motionselftest.elf
 
Invoking: ARM v7 Linux Print Size
arm-linux-gnueabihf-size motionselftest.elf  |tee "motionselftest.elf.size"
   text	   data	    bss	    dec	    hex	filename
   2083	    304	      8	   2395	    95b	motionselftest.elf
Finished building: motionselftest.elf.size
 
16:05:12 **** Auto Build of configuration Debug for project motionselftest ****
make all 
Building file: ../src/motionmain.c
Invoking: ARM v7 Linux gcc compiler
arm-linux-gnueabihf-gcc -Wall -O0 -g3 -I"/home/catabit/Zybo/ledBtnAxiTut/build/tmp/sysroots/plnx_arm/usr/include" -I"/home/catabit/.opt/petalinux/tools/linux-i386/gcc-arm-linux-gnueabi/arm-linux-gnueabihf/include" -I"/home/catabit/.opt/petalinux/tools/linux-i386/gcc-arm-linux-gnueabi/arm-linux-gnueabihf/libc/usr/include" -I"/home/catabit/.opt/petalinux/tools/linux-i386/gcc-arm-linux-gnueabi/lib/gcc/arm-linux-gnueabihf/6.2.1/include" -I"/home/catabit/.opt/petalinux/tools/linux-i386/gcc-arm-linux-gnueabi/lib/gcc/arm-linux-gnueabihf/6.2.1/include-fixed" -c -fmessage-length=0 -MT"src/motionmain.o" -MMD -MP -MF"src/motionmain.d" -MT"src/motionmain.o" -o "src/motionmain.o" "../src/motionmain.c"
../src/motionmain.c: In function ‘main’:
../src/motionmain.c:39:15: warning: unused variable ‘servoPos’ [-Wunused-variable]
  unsigned int servoPos = 0;
               ^~~~~~~~
../src/motionmain.c:37:15: warning: unused variable ‘rightSpeed’ [-Wunused-variable]
  unsigned int rightSpeed = 0;
               ^~~~~~~~~~
Finished building: ../src/motionmain.c
 
Building target: motionselftest.elf
Invoking: ARM v7 Linux gcc linker
arm-linux-gnueabihf-gcc -L"/home/catabit/Zybo/ledBtnAxiTut/build/tmp/sysroots/plnx_arm/usr/lib" -L"/home/catabit/Zybo/ledBtnAxiTut/build/tmp/sysroots/plnx_arm/lib" --sysroot="/home/catabit/Zybo/ledBtnAxiTut/build/tmp/sysroots/plnx_arm" -o "motionselftest.elf"  ./src/motionmain.o   
Finished building target: motionselftest.elf
 
Invoking: ARM v7 Linux Print Size
arm-linux-gnueabihf-size motionselftest.elf  |tee "motionselftest.elf.size"
   text	   data	    bss	    dec	    hex	filename
   2704	    308	      8	   3020	    bcc	motionselftest.elf
Finished building: motionselftest.elf.size
 
16:05:19 **** Auto Build of configuration Debug for project motionselftest ****
make all 
Building file: ../src/motionmain.c
Invoking: ARM v7 Linux gcc compiler
arm-linux-gnueabihf-gcc -Wall -O0 -g3 -I"/home/catabit/Zybo/ledBtnAxiTut/build/tmp/sysroots/plnx_arm/usr/include" -I"/home/catabit/.opt/petalinux/tools/linux-i386/gcc-arm-linux-gnueabi/arm-linux-gnueabihf/include" -I"/home/catabit/.opt/petalinux/tools/linux-i386/gcc-arm-linux-gnueabi/arm-linux-gnueabihf/libc/usr/include" -I"/home/catabit/.opt/petalinux/tools/linux-i386/gcc-arm-linux-gnueabi/lib/gcc/arm-linux-gnueabihf/6.2.1/include" -I"/home/catabit/.opt/petalinux/tools/linux-i386/gcc-arm-linux-gnueabi/lib/gcc/arm-linux-gnueabihf/6.2.1/include-fixed" -c -fmessage-length=0 -MT"src/motionmain.o" -MMD -MP -MF"src/motionmain.d" -MT"src/motionmain.o" -o "src/motionmain.o" "../src/motionmain.c"
../src/motionmain.c: In function ‘main’:
../src/motionmain.c:39:15: warning: unused variable ‘servoPos’ [-Wunused-variable]
  unsigned int servoPos = 0;
               ^~~~~~~~
../src/motionmain.c:37:15: warning: unused variable ‘rightSpeed’ [-Wunused-variable]
  unsigned int rightSpeed = 0;
               ^~~~~~~~~~
Finished building: ../src/motionmain.c
 
Building target: motionselftest.elf
Invoking: ARM v7 Linux gcc linker
arm-linux-gnueabihf-gcc -L"/home/catabit/Zybo/ledBtnAxiTut/build/tmp/sysroots/plnx_arm/usr/lib" -L"/home/catabit/Zybo/ledBtnAxiTut/build/tmp/sysroots/plnx_arm/lib" --sysroot="/home/catabit/Zybo/ledBtnAxiTut/build/tmp/sysroots/plnx_arm" -o "motionselftest.elf"  ./src/motionmain.o   
Finished building target: motionselftest.elf
 
Invoking: ARM v7 Linux Print Size
arm-linux-gnueabihf-size motionselftest.elf  |tee "motionselftest.elf.size"
   text	   data	    bss	    dec	    hex	filename
   2736	    308	      8	   3052	    bec	motionselftest.elf
Finished building: motionselftest.elf.size
 
16:06:35 **** Auto Build of configuration Debug for project motionselftest ****
make all 
Building file: ../src/motionmain.c
Invoking: ARM v7 Linux gcc compiler
arm-linux-gnueabihf-gcc -Wall -O0 -g3 -I"/home/catabit/Zybo/ledBtnAxiTut/build/tmp/sysroots/plnx_arm/usr/include" -I"/home/catabit/.opt/petalinux/tools/linux-i386/gcc-arm-linux-gnueabi/arm-linux-gnueabihf/include" -I"/home/catabit/.opt/petalinux/tools/linux-i386/gcc-arm-linux-gnueabi/arm-linux-gnueabihf/libc/usr/include" -I"/home/catabit/.opt/petalinux/tools/linux-i386/gcc-arm-linux-gnueabi/lib/gcc/arm-linux-gnueabihf/6.2.1/include" -I"/home/catabit/.opt/petalinux/tools/linux-i386/gcc-arm-linux-gnueabi/lib/gcc/arm-linux-gnueabihf/6.2.1/include-fixed" -c -fmessage-length=0 -MT"src/motionmain.o" -MMD -MP -MF"src/motionmain.d" -MT"src/motionmain.o" -o "src/motionmain.o" "../src/motionmain.c"
../src/motionmain.c: In function ‘main’:
../src/motionmain.c:39:15: warning: unused variable ‘servoPos’ [-Wunused-variable]
  unsigned int servoPos = 0;
               ^~~~~~~~
Finished building: ../src/motionmain.c
 
Building target: motionselftest.elf
Invoking: ARM v7 Linux gcc linker
arm-linux-gnueabihf-gcc -L"/home/catabit/Zybo/ledBtnAxiTut/build/tmp/sysroots/plnx_arm/usr/lib" -L"/home/catabit/Zybo/ledBtnAxiTut/build/tmp/sysroots/plnx_arm/lib" --sysroot="/home/catabit/Zybo/ledBtnAxiTut/build/tmp/sysroots/plnx_arm" -o "motionselftest.elf"  ./src/motionmain.o   
Finished building target: motionselftest.elf
 
Invoking: ARM v7 Linux Print Size
arm-linux-gnueabihf-size motionselftest.elf  |tee "motionselftest.elf.size"
   text	   data	    bss	    dec	    hex	filename
   2672	    308	      8	   2988	    bac	motionselftest.elf
Finished building: motionselftest.elf.size
 
16:07:13 **** Auto Build of configuration Debug for project motionselftest ****
make all 
Building file: ../src/motionmain.c
Invoking: ARM v7 Linux gcc compiler
arm-linux-gnueabihf-gcc -Wall -O0 -g3 -I"/home/catabit/Zybo/ledBtnAxiTut/build/tmp/sysroots/plnx_arm/usr/include" -I"/home/catabit/.opt/petalinux/tools/linux-i386/gcc-arm-linux-gnueabi/arm-linux-gnueabihf/include" -I"/home/catabit/.opt/petalinux/tools/linux-i386/gcc-arm-linux-gnueabi/arm-linux-gnueabihf/libc/usr/include" -I"/home/catabit/.opt/petalinux/tools/linux-i386/gcc-arm-linux-gnueabi/lib/gcc/arm-linux-gnueabihf/6.2.1/include" -I"/home/catabit/.opt/petalinux/tools/linux-i386/gcc-arm-linux-gnueabi/lib/gcc/arm-linux-gnueabihf/6.2.1/include-fixed" -c -fmessage-length=0 -MT"src/motionmain.o" -MMD -MP -MF"src/motionmain.d" -MT"src/motionmain.o" -o "src/motionmain.o" "../src/motionmain.c"
../src/motionmain.c: In function ‘main’:
../src/motionmain.c:39:15: warning: unused variable ‘servoPos’ [-Wunused-variable]
  unsigned int servoPos = 0;
               ^~~~~~~~
Finished building: ../src/motionmain.c
 
Building target: motionselftest.elf
Invoking: ARM v7 Linux gcc linker
arm-linux-gnueabihf-gcc -L"/home/catabit/Zybo/ledBtnAxiTut/build/tmp/sysroots/plnx_arm/usr/lib" -L"/home/catabit/Zybo/ledBtnAxiTut/build/tmp/sysroots/plnx_arm/lib" --sysroot="/home/catabit/Zybo/ledBtnAxiTut/build/tmp/sysroots/plnx_arm" -o "motionselftest.elf"  ./src/motionmain.o   
Finished building target: motionselftest.elf
 
Invoking: ARM v7 Linux Print Size
arm-linux-gnueabihf-size motionselftest.elf  |tee "motionselftest.elf.size"
   text	   data	    bss	    dec	    hex	filename
   2710	    308	      8	   3026	    bd2	motionselftest.elf
Finished building: motionselftest.elf.size
 
16:12:52 **** Auto Build of configuration Debug for project motionselftest ****
make all 
Building file: ../src/motionmain.c
Invoking: ARM v7 Linux gcc compiler
arm-linux-gnueabihf-gcc -Wall -O0 -g3 -I"/home/catabit/Zybo/ledBtnAxiTut/build/tmp/sysroots/plnx_arm/usr/include" -I"/home/catabit/.opt/petalinux/tools/linux-i386/gcc-arm-linux-gnueabi/arm-linux-gnueabihf/include" -I"/home/catabit/.opt/petalinux/tools/linux-i386/gcc-arm-linux-gnueabi/arm-linux-gnueabihf/libc/usr/include" -I"/home/catabit/.opt/petalinux/tools/linux-i386/gcc-arm-linux-gnueabi/lib/gcc/arm-linux-gnueabihf/6.2.1/include" -I"/home/catabit/.opt/petalinux/tools/linux-i386/gcc-arm-linux-gnueabi/lib/gcc/arm-linux-gnueabihf/6.2.1/include-fixed" -c -fmessage-length=0 -MT"src/motionmain.o" -MMD -MP -MF"src/motionmain.d" -MT"src/motionmain.o" -o "src/motionmain.o" "../src/motionmain.c"
../src/motionmain.c: In function ‘main’:
../src/motionmain.c:39:15: warning: unused variable ‘servoPos’ [-Wunused-variable]
  unsigned int servoPos = 0;
               ^~~~~~~~
Finished building: ../src/motionmain.c
 
Building target: motionselftest.elf
Invoking: ARM v7 Linux gcc linker
arm-linux-gnueabihf-gcc -L"/home/catabit/Zybo/ledBtnAxiTut/build/tmp/sysroots/plnx_arm/usr/lib" -L"/home/catabit/Zybo/ledBtnAxiTut/build/tmp/sysroots/plnx_arm/lib" --sysroot="/home/catabit/Zybo/ledBtnAxiTut/build/tmp/sysroots/plnx_arm" -o "motionselftest.elf"  ./src/motionmain.o   
Finished building target: motionselftest.elf
 
Invoking: ARM v7 Linux Print Size
arm-linux-gnueabihf-size motionselftest.elf  |tee "motionselftest.elf.size"
   text	   data	    bss	    dec	    hex	filename
   2782	    308	      8	   3098	    c1a	motionselftest.elf
Finished building: motionselftest.elf.size
 
16:13:17 **** Auto Build of configuration Debug for project motionselftest ****
make all 
Building file: ../src/motionmain.c
Invoking: ARM v7 Linux gcc compiler
arm-linux-gnueabihf-gcc -Wall -O0 -g3 -I"/home/catabit/Zybo/ledBtnAxiTut/build/tmp/sysroots/plnx_arm/usr/include" -I"/home/catabit/.opt/petalinux/tools/linux-i386/gcc-arm-linux-gnueabi/arm-linux-gnueabihf/include" -I"/home/catabit/.opt/petalinux/tools/linux-i386/gcc-arm-linux-gnueabi/arm-linux-gnueabihf/libc/usr/include" -I"/home/catabit/.opt/petalinux/tools/linux-i386/gcc-arm-linux-gnueabi/lib/gcc/arm-linux-gnueabihf/6.2.1/include" -I"/home/catabit/.opt/petalinux/tools/linux-i386/gcc-arm-linux-gnueabi/lib/gcc/arm-linux-gnueabihf/6.2.1/include-fixed" -c -fmessage-length=0 -MT"src/motionmain.o" -MMD -MP -MF"src/motionmain.d" -MT"src/motionmain.o" -o "src/motionmain.o" "../src/motionmain.c"
Finished building: ../src/motionmain.c
 
Building target: motionselftest.elf
Invoking: ARM v7 Linux gcc linker
arm-linux-gnueabihf-gcc -L"/home/catabit/Zybo/ledBtnAxiTut/build/tmp/sysroots/plnx_arm/usr/lib" -L"/home/catabit/Zybo/ledBtnAxiTut/build/tmp/sysroots/plnx_arm/lib" --sysroot="/home/catabit/Zybo/ledBtnAxiTut/build/tmp/sysroots/plnx_arm" -o "motionselftest.elf"  ./src/motionmain.o   
Finished building target: motionselftest.elf
 
Invoking: ARM v7 Linux Print Size
arm-linux-gnueabihf-size motionselftest.elf  |tee "motionselftest.elf.size"
   text	   data	    bss	    dec	    hex	filename
   2806	    308	      8	   3122	    c32	motionselftest.elf
Finished building: motionselftest.elf.size
 
16:13:29 **** Auto Build of configuration Debug for project motionselftest ****
make all 
Building file: ../src/motionmain.c
Invoking: ARM v7 Linux gcc compiler
arm-linux-gnueabihf-gcc -Wall -O0 -g3 -I"/home/catabit/Zybo/ledBtnAxiTut/build/tmp/sysroots/plnx_arm/usr/include" -I"/home/catabit/.opt/petalinux/tools/linux-i386/gcc-arm-linux-gnueabi/arm-linux-gnueabihf/include" -I"/home/catabit/.opt/petalinux/tools/linux-i386/gcc-arm-linux-gnueabi/arm-linux-gnueabihf/libc/usr/include" -I"/home/catabit/.opt/petalinux/tools/linux-i386/gcc-arm-linux-gnueabi/lib/gcc/arm-linux-gnueabihf/6.2.1/include" -I"/home/catabit/.opt/petalinux/tools/linux-i386/gcc-arm-linux-gnueabi/lib/gcc/arm-linux-gnueabihf/6.2.1/include-fixed" -c -fmessage-length=0 -MT"src/motionmain.o" -MMD -MP -MF"src/motionmain.d" -MT"src/motionmain.o" -o "src/motionmain.o" "../src/motionmain.c"
Finished building: ../src/motionmain.c
 
Building target: motionselftest.elf
Invoking: ARM v7 Linux gcc linker
arm-linux-gnueabihf-gcc -L"/home/catabit/Zybo/ledBtnAxiTut/build/tmp/sysroots/plnx_arm/usr/lib" -L"/home/catabit/Zybo/ledBtnAxiTut/build/tmp/sysroots/plnx_arm/lib" --sysroot="/home/catabit/Zybo/ledBtnAxiTut/build/tmp/sysroots/plnx_arm" -o "motionselftest.elf"  ./src/motionmain.o   
Finished building target: motionselftest.elf
 
Invoking: ARM v7 Linux Print Size
arm-linux-gnueabihf-size motionselftest.elf  |tee "motionselftest.elf.size"
   text	   data	    bss	    dec	    hex	filename
   2814	    308	      8	   3130	    c3a	motionselftest.elf
Finished building: motionselftest.elf.size
 
16:13:50 **** Auto Build of configuration Debug for project motionselftest ****
make all 
Building file: ../src/motionmain.c
Invoking: ARM v7 Linux gcc compiler
arm-linux-gnueabihf-gcc -Wall -O0 -g3 -I"/home/catabit/Zybo/ledBtnAxiTut/build/tmp/sysroots/plnx_arm/usr/include" -I"/home/catabit/.opt/petalinux/tools/linux-i386/gcc-arm-linux-gnueabi/arm-linux-gnueabihf/include" -I"/home/catabit/.opt/petalinux/tools/linux-i386/gcc-arm-linux-gnueabi/arm-linux-gnueabihf/libc/usr/include" -I"/home/catabit/.opt/petalinux/tools/linux-i386/gcc-arm-linux-gnueabi/lib/gcc/arm-linux-gnueabihf/6.2.1/include" -I"/home/catabit/.opt/petalinux/tools/linux-i386/gcc-arm-linux-gnueabi/lib/gcc/arm-linux-gnueabihf/6.2.1/include-fixed" -c -fmessage-length=0 -MT"src/motionmain.o" -MMD -MP -MF"src/motionmain.d" -MT"src/motionmain.o" -o "src/motionmain.o" "../src/motionmain.c"
Finished building: ../src/motionmain.c
 
Building target: motionselftest.elf
Invoking: ARM v7 Linux gcc linker
arm-linux-gnueabihf-gcc -L"/home/catabit/Zybo/ledBtnAxiTut/build/tmp/sysroots/plnx_arm/usr/lib" -L"/home/catabit/Zybo/ledBtnAxiTut/build/tmp/sysroots/plnx_arm/lib" --sysroot="/home/catabit/Zybo/ledBtnAxiTut/build/tmp/sysroots/plnx_arm" -o "motionselftest.elf"  ./src/motionmain.o   
Finished building target: motionselftest.elf
 
Invoking: ARM v7 Linux Print Size
arm-linux-gnueabihf-size motionselftest.elf  |tee "motionselftest.elf.size"
   text	   data	    bss	    dec	    hex	filename
   2882	    308	      8	   3198	    c7e	motionselftest.elf
Finished building: motionselftest.elf.size
 
16:14:39 **** Auto Build of configuration Debug for project motionselftest ****
make all 
Building file: ../src/motionmain.c
Invoking: ARM v7 Linux gcc compiler
arm-linux-gnueabihf-gcc -Wall -O0 -g3 -I"/home/catabit/Zybo/ledBtnAxiTut/build/tmp/sysroots/plnx_arm/usr/include" -I"/home/catabit/.opt/petalinux/tools/linux-i386/gcc-arm-linux-gnueabi/arm-linux-gnueabihf/include" -I"/home/catabit/.opt/petalinux/tools/linux-i386/gcc-arm-linux-gnueabi/arm-linux-gnueabihf/libc/usr/include" -I"/home/catabit/.opt/petalinux/tools/linux-i386/gcc-arm-linux-gnueabi/lib/gcc/arm-linux-gnueabihf/6.2.1/include" -I"/home/catabit/.opt/petalinux/tools/linux-i386/gcc-arm-linux-gnueabi/lib/gcc/arm-linux-gnueabihf/6.2.1/include-fixed" -c -fmessage-length=0 -MT"src/motionmain.o" -MMD -MP -MF"src/motionmain.d" -MT"src/motionmain.o" -o "src/motionmain.o" "../src/motionmain.c"
Finished building: ../src/motionmain.c
 
Building target: motionselftest.elf
Invoking: ARM v7 Linux gcc linker
arm-linux-gnueabihf-gcc -L"/home/catabit/Zybo/ledBtnAxiTut/build/tmp/sysroots/plnx_arm/usr/lib" -L"/home/catabit/Zybo/ledBtnAxiTut/build/tmp/sysroots/plnx_arm/lib" --sysroot="/home/catabit/Zybo/ledBtnAxiTut/build/tmp/sysroots/plnx_arm" -o "motionselftest.elf"  ./src/motionmain.o   
Finished building target: motionselftest.elf
 
Invoking: ARM v7 Linux Print Size
arm-linux-gnueabihf-size motionselftest.elf  |tee "motionselftest.elf.size"
   text	   data	    bss	    dec	    hex	filename
   2927	    308	      8	   3243	    cab	motionselftest.elf
Finished building: motionselftest.elf.size
 
16:14:59 **** Auto Build of configuration Debug for project motionselftest ****
make all 
Building file: ../src/motionmain.c
Invoking: ARM v7 Linux gcc compiler
arm-linux-gnueabihf-gcc -Wall -O0 -g3 -I"/home/catabit/Zybo/ledBtnAxiTut/build/tmp/sysroots/plnx_arm/usr/include" -I"/home/catabit/.opt/petalinux/tools/linux-i386/gcc-arm-linux-gnueabi/arm-linux-gnueabihf/include" -I"/home/catabit/.opt/petalinux/tools/linux-i386/gcc-arm-linux-gnueabi/arm-linux-gnueabihf/libc/usr/include" -I"/home/catabit/.opt/petalinux/tools/linux-i386/gcc-arm-linux-gnueabi/lib/gcc/arm-linux-gnueabihf/6.2.1/include" -I"/home/catabit/.opt/petalinux/tools/linux-i386/gcc-arm-linux-gnueabi/lib/gcc/arm-linux-gnueabihf/6.2.1/include-fixed" -c -fmessage-length=0 -MT"src/motionmain.o" -MMD -MP -MF"src/motionmain.d" -MT"src/motionmain.o" -o "src/motionmain.o" "../src/motionmain.c"
Finished building: ../src/motionmain.c
 
Building target: motionselftest.elf
Invoking: ARM v7 Linux gcc linker
arm-linux-gnueabihf-gcc -L"/home/catabit/Zybo/ledBtnAxiTut/build/tmp/sysroots/plnx_arm/usr/lib" -L"/home/catabit/Zybo/ledBtnAxiTut/build/tmp/sysroots/plnx_arm/lib" --sysroot="/home/catabit/Zybo/ledBtnAxiTut/build/tmp/sysroots/plnx_arm" -o "motionselftest.elf"  ./src/motionmain.o   
Finished building target: motionselftest.elf
 
Invoking: ARM v7 Linux Print Size
arm-linux-gnueabihf-size motionselftest.elf  |tee "motionselftest.elf.size"
   text	   data	    bss	    dec	    hex	filename
[...]
Finished building target: motionselftest.elf
 
Invoking: ARM v7 Linux Print Size
arm-linux-gnueabihf-size motionselftest.elf  |tee "motionselftest.elf.size"
   text	   data	    bss	    dec	    hex	filename
   2823	    308	      8	   3139	    c43	motionselftest.elf
Finished building: motionselftest.elf.size
 
18:27:12 **** Build of configuration Debug for project motion ****
make all 
Building target: motion.elf
Invoking: ARM v7 Linux gcc linker
arm-linux-gnueabihf-gcc -L"/home/catabit/Zybo/ledBtnAxiTut/build/tmp/sysroots/plnx_arm/usr/lib" -L"/home/catabit/Zybo/ledBtnAxiTut/build/tmp/sysroots/plnx_arm/lib" --sysroot="/home/catabit/Zybo/ledBtnAxiTut/build/tmp/sysroots/plnx_arm" -o "motion.elf"  ./src/motionmain.o   
Finished building target: motion.elf
 
Invoking: ARM v7 Linux Print Size
arm-linux-gnueabihf-size motion.elf  |tee "motion.elf.size"
   text	   data	    bss	    dec	    hex	filename
   2823	    308	      8	   3139	    c43	motion.elf
Finished building: motion.elf.size
 
18:27:24 **** Auto Build of configuration Debug for project motion ****
make all 
make: Nothing to be done for 'all'.
18:36:34 **** Auto Build of configuration Debug for project motion ****
make all 
Building file: ../src/motion.c
Invoking: ARM v7 Linux gcc compiler
arm-linux-gnueabihf-gcc -Wall -O0 -g3 -I"/home/catabit/Zybo/ledBtnAxiTut/build/tmp/sysroots/plnx_arm/usr/include" -I"/home/catabit/.opt/petalinux/tools/linux-i386/gcc-arm-linux-gnueabi/arm-linux-gnueabihf/include" -I"/home/catabit/.opt/petalinux/tools/linux-i386/gcc-arm-linux-gnueabi/arm-linux-gnueabihf/libc/usr/include" -I"/home/catabit/.opt/petalinux/tools/linux-i386/gcc-arm-linux-gnueabi/lib/gcc/arm-linux-gnueabihf/6.2.1/include" -I"/home/catabit/.opt/petalinux/tools/linux-i386/gcc-arm-linux-gnueabi/lib/gcc/arm-linux-gnueabihf/6.2.1/include-fixed" -c -fmessage-length=0 -MT"src/motion.o" -MMD -MP -MF"src/motion.d" -MT"src/motion.o" -o "src/motion.o" "../src/motion.c"
Finished building: ../src/motion.c
 
Building target: motion.elf
Invoking: ARM v7 Linux gcc linker
arm-linux-gnueabihf-gcc -L"/home/catabit/Zybo/ledBtnAxiTut/build/tmp/sysroots/plnx_arm/usr/lib" -L"/home/catabit/Zybo/ledBtnAxiTut/build/tmp/sysroots/plnx_arm/lib" --sysroot="/home/catabit/Zybo/ledBtnAxiTut/build/tmp/sysroots/plnx_arm" -o "motion.elf"  ./src/motion.o   
Finished building target: motion.elf
 
Invoking: ARM v7 Linux Print Size
arm-linux-gnueabihf-size motion.elf  |tee "motion.elf.size"
   text	   data	    bss	    dec	    hex	filename
   2831	    308	      8	   3147	    c4b	motion.elf
Finished building: motion.elf.size
 
18:37:53 **** Auto Build of configuration Debug for project motion ****
make all 
Building file: ../src/motion.c
Invoking: ARM v7 Linux gcc compiler
arm-linux-gnueabihf-gcc -Wall -O0 -g3 -I"/home/catabit/Zybo/ledBtnAxiTut/build/tmp/sysroots/plnx_arm/usr/include" -I"/home/catabit/.opt/petalinux/tools/linux-i386/gcc-arm-linux-gnueabi/arm-linux-gnueabihf/include" -I"/home/catabit/.opt/petalinux/tools/linux-i386/gcc-arm-linux-gnueabi/arm-linux-gnueabihf/libc/usr/include" -I"/home/catabit/.opt/petalinux/tools/linux-i386/gcc-arm-linux-gnueabi/lib/gcc/arm-linux-gnueabihf/6.2.1/include" -I"/home/catabit/.opt/petalinux/tools/linux-i386/gcc-arm-linux-gnueabi/lib/gcc/arm-linux-gnueabihf/6.2.1/include-fixed" -c -fmessage-length=0 -MT"src/motion.o" -MMD -MP -MF"src/motion.d" -MT"src/motion.o" -o "src/motion.o" "../src/motion.c"
../src/motion.c: In function ‘main’:
../src/motion.c:39:15: warning: unused variable ‘servoPos’ [-Wunused-variable]
  unsigned int servoPos = 0;
               ^~~~~~~~
../src/motion.c:37:17: warning: unused variable ‘rightSpeed’ [-Wunused-variable]
  unsigned short rightSpeed = 0;
                 ^~~~~~~~~~
../src/motion.c:36:17: warning: unused variable ‘leftSpeed’ [-Wunused-variable]
  unsigned short leftSpeed = 0;
                 ^~~~~~~~~
Finished building: ../src/motion.c
 
Building target: motion.elf
Invoking: ARM v7 Linux gcc linker
arm-linux-gnueabihf-gcc -L"/home/catabit/Zybo/ledBtnAxiTut/build/tmp/sysroots/plnx_arm/usr/lib" -L"/home/catabit/Zybo/ledBtnAxiTut/build/tmp/sysroots/plnx_arm/lib" --sysroot="/home/catabit/Zybo/ledBtnAxiTut/build/tmp/sysroots/plnx_arm" -o "motion.elf"  ./src/motion.o   
Finished building target: motion.elf
 
Invoking: ARM v7 Linux Print Size
arm-linux-gnueabihf-size motion.elf  |tee "motion.elf.size"
   text	   data	    bss	    dec	    hex	filename
   1526	    304	      8	   1838	    72e	motion.elf
Finished building: motion.elf.size
 
18:38:04 **** Auto Build of configuration Debug for project motion ****
make all 
Building file: ../src/motion.c
Invoking: ARM v7 Linux gcc compiler
arm-linux-gnueabihf-gcc -Wall -O0 -g3 -I"/home/catabit/Zybo/ledBtnAxiTut/build/tmp/sysroots/plnx_arm/usr/include" -I"/home/catabit/.opt/petalinux/tools/linux-i386/gcc-arm-linux-gnueabi/arm-linux-gnueabihf/include" -I"/home/catabit/.opt/petalinux/tools/linux-i386/gcc-arm-linux-gnueabi/arm-linux-gnueabihf/libc/usr/include" -I"/home/catabit/.opt/petalinux/tools/linux-i386/gcc-arm-linux-gnueabi/lib/gcc/arm-linux-gnueabihf/6.2.1/include" -I"/home/catabit/.opt/petalinux/tools/linux-i386/gcc-arm-linux-gnueabi/lib/gcc/arm-linux-gnueabihf/6.2.1/include-fixed" -c -fmessage-length=0 -MT"src/motion.o" -MMD -MP -MF"src/motion.d" -MT"src/motion.o" -o "src/motion.o" "../src/motion.c"
../src/motion.c: In function ‘main’:
../src/motion.c:39:15: warning: unused variable ‘servoPos’ [-Wunused-variable]
  unsigned int servoPos = 0;
               ^~~~~~~~
../src/motion.c:37:17: warning: unused variable ‘rightSpeed’ [-Wunused-variable]
  unsigned short rightSpeed = 0;
                 ^~~~~~~~~~
../src/motion.c:36:17: warning: unused variable ‘leftSpeed’ [-Wunused-variable]
  unsigned short leftSpeed = 0;
                 ^~~~~~~~~
Finished building: ../src/motion.c
 
Building target: motion.elf
Invoking: ARM v7 Linux gcc linker
arm-linux-gnueabihf-gcc -L"/home/catabit/Zybo/ledBtnAxiTut/build/tmp/sysroots/plnx_arm/usr/lib" -L"/home/catabit/Zybo/ledBtnAxiTut/build/tmp/sysroots/plnx_arm/lib" --sysroot="/home/catabit/Zybo/ledBtnAxiTut/build/tmp/sysroots/plnx_arm" -o "motion.elf"  ./src/motion.o   
Finished building target: motion.elf
 
Invoking: ARM v7 Linux Print Size
arm-linux-gnueabihf-size motion.elf  |tee "motion.elf.size"
   text	   data	    bss	    dec	    hex	filename
   1376	    296	      8	   1680	    690	motion.elf
Finished building: motion.elf.size
 
18:38:16 **** Auto Build of configuration Debug for project motion ****
make all 
Building file: ../src/motion.c
Invoking: ARM v7 Linux gcc compiler
arm-linux-gnueabihf-gcc -Wall -O0 -g3 -I"/home/catabit/Zybo/ledBtnAxiTut/build/tmp/sysroots/plnx_arm/usr/include" -I"/home/catabit/.opt/petalinux/tools/linux-i386/gcc-arm-linux-gnueabi/arm-linux-gnueabihf/include" -I"/home/catabit/.opt/petalinux/tools/linux-i386/gcc-arm-linux-gnueabi/arm-linux-gnueabihf/libc/usr/include" -I"/home/catabit/.opt/petalinux/tools/linux-i386/gcc-arm-linux-gnueabi/lib/gcc/arm-linux-gnueabihf/6.2.1/include" -I"/home/catabit/.opt/petalinux/tools/linux-i386/gcc-arm-linux-gnueabi/lib/gcc/arm-linux-gnueabihf/6.2.1/include-fixed" -c -fmessage-length=0 -MT"src/motion.o" -MMD -MP -MF"src/motion.d" -MT"src/motion.o" -o "src/motion.o" "../src/motion.c"
../src/motion.c: In function ‘main’:
../src/motion.c:39:15: warning: unused variable ‘servoPos’ [-Wunused-variable]
  unsigned int servoPos = 0;
               ^~~~~~~~
../src/motion.c:37:17: warning: unused variable ‘rightSpeed’ [-Wunused-variable]
  unsigned short rightSpeed = 0;
                 ^~~~~~~~~~
../src/motion.c:36:17: warning: unused variable ‘leftSpeed’ [-Wunused-variable]
  unsigned short leftSpeed = 0;
                 ^~~~~~~~~
Finished building: ../src/motion.c
 
Building target: motion.elf
Invoking: ARM v7 Linux gcc linker
arm-linux-gnueabihf-gcc -L"/home/catabit/Zybo/ledBtnAxiTut/build/tmp/sysroots/plnx_arm/usr/lib" -L"/home/catabit/Zybo/ledBtnAxiTut/build/tmp/sysroots/plnx_arm/lib" --sysroot="/home/catabit/Zybo/ledBtnAxiTut/build/tmp/sysroots/plnx_arm" -o "motion.elf"  ./src/motion.o   
Finished building target: motion.elf
 
Invoking: ARM v7 Linux Print Size
arm-linux-gnueabihf-size motion.elf  |tee "motion.elf.size"
   text	   data	    bss	    dec	    hex	filename
   1388	    296	      8	   1692	    69c	motion.elf
Finished building: motion.elf.size
 
18:38:53 **** Auto Build of configuration Debug for project motion ****
make all 
Building file: ../src/motion.c
Invoking: ARM v7 Linux gcc compiler
arm-linux-gnueabihf-gcc -Wall -O0 -g3 -I"/home/catabit/Zybo/ledBtnAxiTut/build/tmp/sysroots/plnx_arm/usr/include" -I"/home/catabit/.opt/petalinux/tools/linux-i386/gcc-arm-linux-gnueabi/arm-linux-gnueabihf/include" -I"/home/catabit/.opt/petalinux/tools/linux-i386/gcc-arm-linux-gnueabi/arm-linux-gnueabihf/libc/usr/include" -I"/home/catabit/.opt/petalinux/tools/linux-i386/gcc-arm-linux-gnueabi/lib/gcc/arm-linux-gnueabihf/6.2.1/include" -I"/home/catabit/.opt/petalinux/tools/linux-i386/gcc-arm-linux-gnueabi/lib/gcc/arm-linux-gnueabihf/6.2.1/include-fixed" -c -fmessage-length=0 -MT"src/motion.o" -MMD -MP -MF"src/motion.d" -MT"src/motion.o" -o "src/motion.o" "../src/motion.c"
../src/motion.c: In function ‘main’:
../src/motion.c:39:15: warning: unused variable ‘servoPos’ [-Wunused-variable]
  unsigned int servoPos = 0;
               ^~~~~~~~
../src/motion.c:37:17: warning: variable ‘rightSpeed’ set but not used [-Wunused-but-set-variable]
  unsigned short rightSpeed = 0;
                 ^~~~~~~~~~
Finished building: ../src/motion.c
 
Building target: motion.elf
Invoking: ARM v7 Linux gcc linker
arm-linux-gnueabihf-gcc -L"/home/catabit/Zybo/ledBtnAxiTut/build/tmp/sysroots/plnx_arm/usr/lib" -L"/home/catabit/Zybo/ledBtnAxiTut/build/tmp/sysroots/plnx_arm/lib" --sysroot="/home/catabit/Zybo/ledBtnAxiTut/build/tmp/sysroots/plnx_arm" -o "motion.elf"  ./src/motion.o   
Finished building target: motion.elf
 
Invoking: ARM v7 Linux Print Size
arm-linux-gnueabihf-size motion.elf  |tee "motion.elf.size"
   text	   data	    bss	    dec	    hex	filename
   1470	    300	      8	   1778	    6f2	motion.elf
Finished building: motion.elf.size
 
18:39:09 **** Auto Build of configuration Debug for project motion ****
make all 
Building file: ../src/motion.c
Invoking: ARM v7 Linux gcc compiler
arm-linux-gnueabihf-gcc -Wall -O0 -g3 -I"/home/catabit/Zybo/ledBtnAxiTut/build/tmp/sysroots/plnx_arm/usr/include" -I"/home/catabit/.opt/petalinux/tools/linux-i386/gcc-arm-linux-gnueabi/arm-linux-gnueabihf/include" -I"/home/catabit/.opt/petalinux/tools/linux-i386/gcc-arm-linux-gnueabi/arm-linux-gnueabihf/libc/usr/include" -I"/home/catabit/.opt/petalinux/tools/linux-i386/gcc-arm-linux-gnueabi/lib/gcc/arm-linux-gnueabihf/6.2.1/include" -I"/home/catabit/.opt/petalinux/tools/linux-i386/gcc-arm-linux-gnueabi/lib/gcc/arm-linux-gnueabihf/6.2.1/include-fixed" -c -fmessage-length=0 -MT"src/motion.o" -MMD -MP -MF"src/motion.d" -MT"src/motion.o" -o "src/motion.o" "../src/motion.c"
../src/motion.c: In function ‘main’:
../src/motion.c:39:15: warning: unused variable ‘servoPos’ [-Wunused-variable]
  unsigned int servoPos = 0;
               ^~~~~~~~
Finished building: ../src/motion.c
 
Building target: motion.elf
Invoking: ARM v7 Linux gcc linker
arm-linux-gnueabihf-gcc -L"/home/catabit/Zybo/ledBtnAxiTut/build/tmp/sysroots/plnx_arm/usr/lib" -L"/home/catabit/Zybo/ledBtnAxiTut/build/tmp/sysroots/plnx_arm/lib" --sysroot="/home/catabit/Zybo/ledBtnAxiTut/build/tmp/sysroots/plnx_arm" -o "motion.elf"  ./src/motion.o   
Finished building target: motion.elf
 
Invoking: ARM v7 Linux Print Size
arm-linux-gnueabihf-size motion.elf  |tee "motion.elf.size"
   text	   data	    bss	    dec	    hex	filename
   1498	    300	      8	   1806	    70e	motion.elf
Finished building: motion.elf.size
 
18:39:27 **** Auto Build of configuration Debug for project motion ****
make all 
Building file: ../src/motion.c
Invoking: ARM v7 Linux gcc compiler
arm-linux-gnueabihf-gcc -Wall -O0 -g3 -I"/home/catabit/Zybo/ledBtnAxiTut/build/tmp/sysroots/plnx_arm/usr/include" -I"/home/catabit/.opt/petalinux/tools/linux-i386/gcc-arm-linux-gnueabi/arm-linux-gnueabihf/include" -I"/home/catabit/.opt/petalinux/tools/linux-i386/gcc-arm-linux-gnueabi/arm-linux-gnueabihf/libc/usr/include" -I"/home/catabit/.opt/petalinux/tools/linux-i386/gcc-arm-linux-gnueabi/lib/gcc/arm-linux-gnueabihf/6.2.1/include" -I"/home/catabit/.opt/petalinux/tools/linux-i386/gcc-arm-linux-gnueabi/lib/gcc/arm-linux-gnueabihf/6.2.1/include-fixed" -c -fmessage-length=0 -MT"src/motion.o" -MMD -MP -MF"src/motion.d" -MT"src/motion.o" -o "src/motion.o" "../src/motion.c"
../src/motion.c: In function ‘main’:
../src/motion.c:39:15: warning: unused variable ‘servoPos’ [-Wunused-variable]
  unsigned int servoPos = 0;
               ^~~~~~~~
Finished building: ../src/motion.c
 
Building target: motion.elf
Invoking: ARM v7 Linux gcc linker
arm-linux-gnueabihf-gcc -L"/home/catabit/Zybo/ledBtnAxiTut/build/tmp/sysroots/plnx_arm/usr/lib" -L"/home/catabit/Zybo/ledBtnAxiTut/build/tmp/sysroots/plnx_arm/lib" --sysroot="/home/catabit/Zybo/ledBtnAxiTut/build/tmp/sysroots/plnx_arm" -o "motion.elf"  ./src/motion.o   
Finished building target: motion.elf
 
Invoking: ARM v7 Linux Print Size
arm-linux-gnueabihf-size motion.elf  |tee "motion.elf.size"
   text	   data	    bss	    dec	    hex	filename
   1595	    304	      8	   1907	    773	motion.elf
Finished building: motion.elf.size
 
18:39:56 **** Auto Build of configuration Debug for project motion ****
make all 
Building file: ../src/motion.c
Invoking: ARM v7 Linux gcc compiler
arm-linux-gnueabihf-gcc -Wall -O0 -g3 -I"/home/catabit/Zybo/ledBtnAxiTut/build/tmp/sysroots/plnx_arm/usr/include" -I"/home/catabit/.opt/petalinux/tools/linux-i386/gcc-arm-linux-gnueabi/arm-linux-gnueabihf/include" -I"/home/catabit/.opt/petalinux/tools/linux-i386/gcc-arm-linux-gnueabi/arm-linux-gnueabihf/libc/usr/include" -I"/home/catabit/.opt/petalinux/tools/linux-i386/gcc-arm-linux-gnueabi/lib/gcc/arm-linux-gnueabihf/6.2.1/include" -I"/home/catabit/.opt/petalinux/tools/linux-i386/gcc-arm-linux-gnueabi/lib/gcc/arm-linux-gnueabihf/6.2.1/include-fixed" -c -fmessage-length=0 -MT"src/motion.o" -MMD -MP -MF"src/motion.d" -MT"src/motion.o" -o "src/motion.o" "../src/motion.c"
Finished building: ../src/motion.c
 
Building target: motion.elf
Invoking: ARM v7 Linux gcc linker
arm-linux-gnueabihf-gcc -L"/home/catabit/Zybo/ledBtnAxiTut/build/tmp/sysroots/plnx_arm/usr/lib" -L"/home/catabit/Zybo/ledBtnAxiTut/build/tmp/sysroots/plnx_arm/lib" --sysroot="/home/catabit/Zybo/ledBtnAxiTut/build/tmp/sysroots/plnx_arm" -o "motion.elf"  ./src/motion.o   
Finished building target: motion.elf
 
Invoking: ARM v7 Linux Print Size
arm-linux-gnueabihf-size motion.elf  |tee "motion.elf.size"
   text	   data	    bss	    dec	    hex	filename
   1587	    304	      8	   1899	    76b	motion.elf
Finished building: motion.elf.size
 
18:40:02 **** Auto Build of configuration Debug for project motion ****
make all 
Building file: ../src/motion.c
Invoking: ARM v7 Linux gcc compiler
arm-linux-gnueabihf-gcc -Wall -O0 -g3 -I"/home/catabit/Zybo/ledBtnAxiTut/build/tmp/sysroots/plnx_arm/usr/include" -I"/home/catabit/.opt/petalinux/tools/linux-i386/gcc-arm-linux-gnueabi/arm-linux-gnueabihf/include" -I"/home/catabit/.opt/petalinux/tools/linux-i386/gcc-arm-linux-gnueabi/arm-linux-gnueabihf/libc/usr/include" -I"/home/catabit/.opt/petalinux/tools/linux-i386/gcc-arm-linux-gnueabi/lib/gcc/arm-linux-gnueabihf/6.2.1/include" -I"/home/catabit/.opt/petalinux/tools/linux-i386/gcc-arm-linux-gnueabi/lib/gcc/arm-linux-gnueabihf/6.2.1/include-fixed" -c -fmessage-length=0 -MT"src/motion.o" -MMD -MP -MF"src/motion.d" -MT"src/motion.o" -o "src/motion.o" "../src/motion.c"
../src/motion.c: In function ‘main’:
../src/motion.c:39:15: warning: unused variable ‘servoPos’ [-Wunused-variable]
  unsigned int servoPos = 0;
               ^~~~~~~~
Finished building: ../src/motion.c
 
Building target: motion.elf
Invoking: ARM v7 Linux gcc linker
arm-linux-gnueabihf-gcc -L"/home/catabit/Zybo/ledBtnAxiTut/build/tmp/sysroots/plnx_arm/usr/lib" -L"/home/catabit/Zybo/ledBtnAxiTut/build/tmp/sysroots/plnx_arm/lib" --sysroot="/home/catabit/Zybo/ledBtnAxiTut/build/tmp/sysroots/plnx_arm" -o "motion.elf"  ./src/motion.o   
Finished building target: motion.elf
 
Invoking: ARM v7 Linux Print Size
arm-linux-gnueabihf-size motion.elf  |tee "motion.elf.size"
   text	   data	    bss	    dec	    hex	filename
   1595	    304	      8	   1907	    773	motion.elf
Finished building: motion.elf.size
 
18:40:19 **** Auto Build of configuration Debug for project motion ****
make all 
Building file: ../src/motion.c
Invoking: ARM v7 Linux gcc compiler
arm-linux-gnueabihf-gcc -Wall -O0 -g3 -I"/home/catabit/Zybo/ledBtnAxiTut/build/tmp/sysroots/plnx_arm/usr/include" -I"/home/catabit/.opt/petalinux/tools/linux-i386/gcc-arm-linux-gnueabi/arm-linux-gnueabihf/include" -I"/home/catabit/.opt/petalinux/tools/linux-i386/gcc-arm-linux-gnueabi/arm-linux-gnueabihf/libc/usr/include" -I"/home/catabit/.opt/petalinux/tools/linux-i386/gcc-arm-linux-gnueabi/lib/gcc/arm-linux-gnueabihf/6.2.1/include" -I"/home/catabit/.opt/petalinux/tools/linux-i386/gcc-arm-linux-gnueabi/lib/gcc/arm-linux-gnueabihf/6.2.1/include-fixed" -c -fmessage-length=0 -MT"src/motion.o" -MMD -MP -MF"src/motion.d" -MT"src/motion.o" -o "src/motion.o" "../src/motion.c"
Finished building: ../src/motion.c
 
Building target: motion.elf
Invoking: ARM v7 Linux gcc linker
arm-linux-gnueabihf-gcc -L"/home/catabit/Zybo/ledBtnAxiTut/build/tmp/sysroots/plnx_arm/usr/lib" -L"/home/catabit/Zybo/ledBtnAxiTut/build/tmp/sysroots/plnx_arm/lib" --sysroot="/home/catabit/Zybo/ledBtnAxiTut/build/tmp/sysroots/plnx_arm" -o "motion.elf"  ./src/motion.o   
Finished building target: motion.elf
 
Invoking: ARM v7 Linux Print Size
arm-linux-gnueabihf-size motion.elf  |tee "motion.elf.size"
   text	   data	    bss	    dec	    hex	filename
   1587	    304	      8	   1899	    76b	motion.elf
Finished building: motion.elf.size
 
15:02:20 **** Auto Build of configuration Debug for project motion ****
make all 
'Building file: ../src/motion.c'
'Invoking: ARM v7 Linux gcc compiler'
arm-linux-gnueabihf-gcc -Wall -O0 -g3 -I"/home/catabit/Zybo/ledBtnAxiTut/build/tmp/sysroots/plnx_arm/usr/include" -I"/home/catabit/.opt/petalinux/tools/linux-i386/gcc-arm-linux-gnueabi/arm-linux-gnueabihf/include" -I"/home/catabit/.opt/petalinux/tools/linux-i386/gcc-arm-linux-gnueabi/arm-linux-gnueabihf/libc/usr/include" -I"/home/catabit/.opt/petalinux/tools/linux-i386/gcc-arm-linux-gnueabi/lib/gcc/arm-linux-gnueabihf/6.2.1/include" -I"/home/catabit/.opt/petalinux/tools/linux-i386/gcc-arm-linux-gnueabi/lib/gcc/arm-linux-gnueabihf/6.2.1/include-fixed" -c -fmessage-length=0 -MT"src/motion.o" -MMD -MP -MF"src/motion.d" -MT"src/motion.o" -o "src/motion.o" "../src/motion.c"
'Finished building: ../src/motion.c'
' '
'Building target: motion.elf'
'Invoking: ARM v7 Linux gcc linker'
arm-linux-gnueabihf-gcc -L"/home/catabit/Zybo/ledBtnAxiTut/build/tmp/sysroots/plnx_arm/usr/lib" -L"/home/catabit/Zybo/ledBtnAxiTut/build/tmp/sysroots/plnx_arm/lib" --sysroot="/home/catabit/Zybo/ledBtnAxiTut/build/tmp/sysroots/plnx_arm" -o "motion.elf"  ./src/motion.o   
c:/xilinx/sdk/2017.4/gnu/aarch32/nt/gcc-arm-linux-gnueabi/bin/../lib/gcc/arm-linux-gnueabihf/6.2.1/../../../../arm-linux-gnueabihf/bin/ld.exe: cannot find crt1.o: No such file or directory
c:/xilinx/sdk/2017.4/gnu/aarch32/nt/gcc-arm-linux-gnueabi/bin/../lib/gcc/arm-linux-gnueabihf/6.2.1/../../../../arm-linux-gnueabihf/bin/ld.exe: cannot find crti.o: No such file or directory
collect2.exe: error: ld returned 1 exit status
make: *** [motion.elf] Error 1
15:02:31 **** Auto Build of configuration Debug for project motionselftest ****
make all 
make: Nothing to be done for `all'.
