15:36:54 **** Build of configuration Debug for project ledBtnTestApp ****
make all 
Building file: ../src/main.c
Invoking: ARM v7 Linux gcc compiler
arm-linux-gnueabihf-gcc -Wall -O0 -g3 -I"/home/catabit/Zybo/ledBtnAxiTut/build/tmp/sysroots/plnx_arm/usr/include" -I"/home/catabit/.opt/petalinux/tools/linux-i386/gcc-arm-linux-gnueabi/arm-linux-gnueabihf/include" -I"/home/catabit/.opt/petalinux/tools/linux-i386/gcc-arm-linux-gnueabi/arm-linux-gnueabihf/libc/usr/include" -I"/home/catabit/.opt/petalinux/tools/linux-i386/gcc-arm-linux-gnueabi/lib/gcc/arm-linux-gnueabihf/6.2.1/include" -I"/home/catabit/.opt/petalinux/tools/linux-i386/gcc-arm-linux-gnueabi/lib/gcc/arm-linux-gnueabihf/6.2.1/include-fixed" -c -fmessage-length=0 -MT"src/main.o" -MMD -MP -MF"src/main.d" -MT"src/main.o" -o "src/main.o" "../src/main.c"
Finished building: ../src/main.c
 
Building target: ledBtnTestApp.elf
Invoking: ARM v7 Linux gcc linker
arm-linux-gnueabihf-gcc -L"/home/catabit/Zybo/ledBtnAxiTut/build/tmp/sysroots/plnx_arm/usr/lib" -L"/home/catabit/Zybo/ledBtnAxiTut/build/tmp/sysroots/plnx_arm/lib" --sysroot="/home/catabit/Zybo/ledBtnAxiTut/build/tmp/sysroots/plnx_arm" -o "ledBtnTestApp.elf"  ./src/main.o   
Finished building target: ledBtnTestApp.elf
 
Invoking: ARM v7 Linux Print Size
arm-linux-gnueabihf-size ledBtnTestApp.elf  |tee "ledBtnTestApp.elf.size"
   text	   data	    bss	    dec	    hex	filename
   1493	    300	     12	   1805	    70d	ledBtnTestApp.elf
Finished building: ledBtnTestApp.elf.size
 

15:36:55 Build Finished (took 517ms)

