18:04:20 **** Auto Build of configuration Debug for project motionselftest ****
make all 
Building file: ../src/motionmain.c
Invoking: ARM v7 Linux gcc compiler
arm-linux-gnueabihf-gcc -Wall -O0 -g3 -I"/home/catabit/Zybo/ledBtnAxiTut/build/tmp/sysroots/plnx_arm/usr/include" -I"/home/catabit/.opt/petalinux/tools/linux-i386/gcc-arm-linux-gnueabi/arm-linux-gnueabihf/include" -I"/home/catabit/.opt/petalinux/tools/linux-i386/gcc-arm-linux-gnueabi/arm-linux-gnueabihf/libc/usr/include" -I"/home/catabit/.opt/petalinux/tools/linux-i386/gcc-arm-linux-gnueabi/lib/gcc/arm-linux-gnueabihf/6.2.1/include" -I"/home/catabit/.opt/petalinux/tools/linux-i386/gcc-arm-linux-gnueabi/lib/gcc/arm-linux-gnueabihf/6.2.1/include-fixed" -c -fmessage-length=0 -MT"src/motionmain.o" -MMD -MP -MF"src/motionmain.d" -MT"src/motionmain.o" -o "src/motionmain.o" "../src/motionmain.c"
Finished building: ../src/motionmain.c
 
Building target: motionselftest.elf
Invoking: ARM v7 Linux gcc linker
arm-linux-gnueabihf-gcc -L"/home/catabit/Zybo/ledBtnAxiTut/build/tmp/sysroots/plnx_arm/usr/lib" -L"/home/catabit/Zybo/ledBtnAxiTut/build/tmp/sysroots/plnx_arm/lib" --sysroot="/home/catabit/Zybo/ledBtnAxiTut/build/tmp/sysroots/plnx_arm" -o "motionselftest.elf"  ./src/motionmain.o   
Finished building target: motionselftest.elf
 
Invoking: ARM v7 Linux Print Size
arm-linux-gnueabihf-size motionselftest.elf  |tee "motionselftest.elf.size"
   text	   data	    bss	    dec	    hex	filename
   2823	    308	      8	   3139	    c43	motionselftest.elf
Finished building: motionselftest.elf.size
 

18:04:20 Build Finished (took 411ms)

