15:36:30 **** Auto Build of configuration Debug for project rgbled ****
make all 
Building target: rgbled.elf
Invoking: ARM v7 Linux gcc linker
arm-linux-gnueabihf-gcc -L"/home/catabit/Zybo/ledBtnAxiTut/build/tmp/sysroots/plnx_arm/usr/lib" -L"/home/catabit/Zybo/ledBtnAxiTut/build/tmp/sysroots/plnx_arm/lib" --sysroot="/home/catabit/Zybo/ledBtnAxiTut/build/tmp/sysroots/plnx_arm" -o "rgbled.elf"  ./src/rgbmain.o   
Finished building target: rgbled.elf
 
Invoking: ARM v7 Linux Print Size
arm-linux-gnueabihf-size rgbled.elf  |tee "rgbled.elf.size"
   text	   data	    bss	    dec	    hex	filename
   1690	    308	     12	   2010	    7da	rgbled.elf
Finished building: rgbled.elf.size
 

15:36:30 Build Finished (took 423ms)

