15:51:04 **** Auto Build of configuration Debug for project sonarTest ****
make all 
Building file: ../src/main.c
Invoking: ARM v7 Linux gcc compiler
arm-linux-gnueabihf-gcc -Wall -O0 -g3 -I"/home/catabit/Zybo/ledBtnAxiTut/build/tmp/sysroots/plnx_arm/usr/include" -c -fmessage-length=0 -MT"src/main.o" -MMD -MP -MF"src/main.d" -MT"src/main.o" -o "src/main.o" "../src/main.c"
Finished building: ../src/main.c
 
Building target: sonarTest.elf
Invoking: ARM v7 Linux gcc linker
arm-linux-gnueabihf-gcc -L"/home/catabit/Zybo/ledBtnAxiTut/build/tmp/sysroots/plnx_arm/usr/lib" -L"/home/catabit/Zybo/ledBtnAxiTut/build/tmp/sysroots/plnx_arm/lib" --sysroot="/home/catabit/Zybo/ledBtnAxiTut/build/tmp/sysroots/plnx_arm" -o "sonarTest.elf"  ./src/main.o   
Finished building target: sonarTest.elf
 
Invoking: ARM v7 Linux Print Size
arm-linux-gnueabihf-size sonarTest.elf  |tee "sonarTest.elf.size"
   text	   data	    bss	    dec	    hex	filename
   1475	    304	      8	   1787	    6fb	sonarTest.elf
Finished building: sonarTest.elf.size
 

15:51:05 Build Finished (took 414ms)

